CRITICAL - 2024-06-08 00:33:21 --> Call to a member function find() on array
in APPPATH\Views\front\carrito.php on line 51.
 1 SYSTEMPATH\View\View.php(213): include()
 2 SYSTEMPATH\View\View.php(216): CodeIgniter\View\View->CodeIgniter\View\{closure}()
 3 SYSTEMPATH\Common.php(1184): CodeIgniter\View\View->render('\\front\\carrito', [], true)
 4 APPPATH\Controllers\carrito_controller.php(80): view('\\front\\carrito')
 5 SYSTEMPATH\CodeIgniter.php(934): App\Controllers\carrito_controller->mostrarCarrito()
 6 SYSTEMPATH\CodeIgniter.php(499): CodeIgniter\CodeIgniter->runController(Object(App\Controllers\carrito_controller))
 7 SYSTEMPATH\CodeIgniter.php(368): CodeIgniter\CodeIgniter->handleRequest(null, Object(Config\Cache), false)
 8 FCPATH\index.php(67): CodeIgniter\CodeIgniter->run()
CRITICAL - 2024-06-08 01:40:52 --> Cannot use [] for reading
in APPPATH\Views\front\principal.php on line 82.
 1 [internal function]: CodeIgniter\Debug\Exceptions->shutdownHandler()
CRITICAL - 2024-06-08 02:00:23 --> syntax error, unexpected 'endforeach' (T_ENDFOREACH), expecting elseif (T_ELSEIF) or else (T_ELSE) or endif (T_ENDIF)
in APPPATH\Views\front\carrito.php on line 95.
 1 SYSTEMPATH\View\View.php(216): CodeIgniter\View\View->CodeIgniter\View\{closure}()
 2 SYSTEMPATH\Common.php(1184): CodeIgniter\View\View->render('\\front\\carrito', [], true)
 3 APPPATH\Controllers\carrito_controller.php(77): view('\\front\\carrito')
 4 SYSTEMPATH\CodeIgniter.php(934): App\Controllers\carrito_controller->mostrarCarrito()
 5 SYSTEMPATH\CodeIgniter.php(499): CodeIgniter\CodeIgniter->runController(Object(App\Controllers\carrito_controller))
 6 SYSTEMPATH\CodeIgniter.php(368): CodeIgniter\CodeIgniter->handleRequest(null, Object(Config\Cache), false)
 7 FCPATH\index.php(67): CodeIgniter\CodeIgniter->run()
CRITICAL - 2024-06-08 02:07:58 --> Argument 2 passed to form_input() must be of the type string, null given, called in C:\xampp\htdocs\proyecto_perez_ruiz_federico\system\Helpers\form_helper.php on line 123
in SYSTEMPATH\Helpers\form_helper.php on line 143.
 1 SYSTEMPATH\Helpers\form_helper.php(123): form_input('cart[3][qty]', null, 'C:\\xampp\\htdocs\\proyecto_perez_ruiz_federico', 'hidden')
 2 APPPATH\Views\front\carrito.php(41): form_hidden('cart[3][qty]', null)
 3 SYSTEMPATH\View\View.php(213): include('APPPATH\\Views\\front\\carrito.php')
 4 SYSTEMPATH\View\View.php(216): CodeIgniter\View\View->CodeIgniter\View\{closure}()
 5 SYSTEMPATH\Common.php(1184): CodeIgniter\View\View->render('\\front\\carrito', [], true)
 6 APPPATH\Controllers\carrito_controller.php(77): view('\\front\\carrito')
 7 SYSTEMPATH\CodeIgniter.php(934): App\Controllers\carrito_controller->mostrarCarrito()
 8 SYSTEMPATH\CodeIgniter.php(499): CodeIgniter\CodeIgniter->runController(Object(App\Controllers\carrito_controller))
 9 SYSTEMPATH\CodeIgniter.php(368): CodeIgniter\CodeIgniter->handleRequest(null, Object(Config\Cache), false)
10 FCPATH\index.php(67): CodeIgniter\CodeIgniter->run()
CRITICAL - 2024-06-08 02:08:14 --> Argument 2 passed to form_input() must be of the type string, null given, called in C:\xampp\htdocs\proyecto_perez_ruiz_federico\system\Helpers\form_helper.php on line 123
in SYSTEMPATH\Helpers\form_helper.php on line 143.
 1 SYSTEMPATH\Helpers\form_helper.php(123): form_input('cart[3][qty]', null, 'C:\\xampp\\htdocs\\proyecto_perez_ruiz_federico', 'hidden')
 2 APPPATH\Views\front\carrito.php(41): form_hidden('cart[3][qty]', null)
 3 SYSTEMPATH\View\View.php(213): include('APPPATH\\Views\\front\\carrito.php')
 4 SYSTEMPATH\View\View.php(216): CodeIgniter\View\View->CodeIgniter\View\{closure}()
 5 SYSTEMPATH\Common.php(1184): CodeIgniter\View\View->render('\\front\\carrito', [], true)
 6 APPPATH\Controllers\carrito_controller.php(77): view('\\front\\carrito')
 7 SYSTEMPATH\CodeIgniter.php(934): App\Controllers\carrito_controller->mostrarCarrito()
 8 SYSTEMPATH\CodeIgniter.php(499): CodeIgniter\CodeIgniter->runController(Object(App\Controllers\carrito_controller))
 9 SYSTEMPATH\CodeIgniter.php(368): CodeIgniter\CodeIgniter->handleRequest(null, Object(Config\Cache), false)
10 FCPATH\index.php(67): CodeIgniter\CodeIgniter->run()
CRITICAL - 2024-06-08 02:12:20 --> Argument 2 passed to form_input() must be of the type string, null given, called in C:\xampp\htdocs\proyecto_perez_ruiz_federico\system\Helpers\form_helper.php on line 123
in SYSTEMPATH\Helpers\form_helper.php on line 143.
 1 SYSTEMPATH\Helpers\form_helper.php(123): form_input('cart[3][qty]', null, 'C:\\xampp\\htdocs\\proyecto_perez_ruiz_federico', 'hidden')
 2 APPPATH\Views\front\carrito.php(41): form_hidden('cart[3][qty]', null)
 3 SYSTEMPATH\View\View.php(213): include('APPPATH\\Views\\front\\carrito.php')
 4 SYSTEMPATH\View\View.php(216): CodeIgniter\View\View->CodeIgniter\View\{closure}()
 5 SYSTEMPATH\Common.php(1184): CodeIgniter\View\View->render('\\front\\carrito', [], true)
 6 APPPATH\Controllers\carrito_controller.php(77): view('\\front\\carrito')
 7 SYSTEMPATH\CodeIgniter.php(934): App\Controllers\carrito_controller->mostrarCarrito()
 8 SYSTEMPATH\CodeIgniter.php(499): CodeIgniter\CodeIgniter->runController(Object(App\Controllers\carrito_controller))
 9 SYSTEMPATH\CodeIgniter.php(368): CodeIgniter\CodeIgniter->handleRequest(null, Object(Config\Cache), false)
10 FCPATH\index.php(67): CodeIgniter\CodeIgniter->run()
CRITICAL - 2024-06-08 02:21:40 --> Call to a member function find() on array
in APPPATH\Views\front\carrito.php on line 52.
 1 SYSTEMPATH\View\View.php(213): include()
 2 SYSTEMPATH\View\View.php(216): CodeIgniter\View\View->CodeIgniter\View\{closure}()
 3 SYSTEMPATH\Common.php(1184): CodeIgniter\View\View->render('\\front\\carrito', [], true)
 4 APPPATH\Controllers\carrito_controller.php(77): view('\\front\\carrito')
 5 SYSTEMPATH\CodeIgniter.php(934): App\Controllers\carrito_controller->mostrarCarrito()
 6 SYSTEMPATH\CodeIgniter.php(499): CodeIgniter\CodeIgniter->runController(Object(App\Controllers\carrito_controller))
 7 SYSTEMPATH\CodeIgniter.php(368): CodeIgniter\CodeIgniter->handleRequest(null, Object(Config\Cache), false)
 8 FCPATH\index.php(67): CodeIgniter\CodeIgniter->run()
CRITICAL - 2024-06-08 02:34:04 --> Argument 2 passed to form_input() must be of the type string, null given, called in C:\xampp\htdocs\proyecto_perez_ruiz_federico\system\Helpers\form_helper.php on line 123
in SYSTEMPATH\Helpers\form_helper.php on line 143.
 1 SYSTEMPATH\Helpers\form_helper.php(123): form_input('cart[3][qty]', null, 'C:\\xampp\\htdocs\\proyecto_perez_ruiz_federico', 'hidden')
 2 APPPATH\Views\front\carrito.php(41): form_hidden('cart[3][qty]', null)
 3 SYSTEMPATH\View\View.php(213): include('APPPATH\\Views\\front\\carrito.php')
 4 SYSTEMPATH\View\View.php(216): CodeIgniter\View\View->CodeIgniter\View\{closure}()
 5 SYSTEMPATH\Common.php(1184): CodeIgniter\View\View->render('\\front\\carrito', [], true)
 6 APPPATH\Controllers\carrito_controller.php(77): view('\\front\\carrito')
 7 SYSTEMPATH\CodeIgniter.php(934): App\Controllers\carrito_controller->mostrarCarrito()
 8 SYSTEMPATH\CodeIgniter.php(499): CodeIgniter\CodeIgniter->runController(Object(App\Controllers\carrito_controller))
 9 SYSTEMPATH\CodeIgniter.php(368): CodeIgniter\CodeIgniter->handleRequest(null, Object(Config\Cache), false)
10 FCPATH\index.php(67): CodeIgniter\CodeIgniter->run()
