CRITICAL - 2024-06-04 15:00:30 --> syntax error, unexpected ',', expecting ')'
in APPPATH\Config\Routes.php on line 80.
 1 SYSTEMPATH\CodeIgniter.php(802): CodeIgniter\Router\RouteCollection->loadRoutes()
 2 SYSTEMPATH\CodeIgniter.php(449): CodeIgniter\CodeIgniter->tryToRouteIt(null)
 3 SYSTEMPATH\CodeIgniter.php(368): CodeIgniter\CodeIgniter->handleRequest(null, Object(Config\Cache), false)
 4 FCPATH\index.php(67): CodeIgniter\CodeIgniter->run()
CRITICAL - 2024-06-04 15:24:20 --> Argument 2 passed to form_input() must be of the type string, null given, called in C:\xampp\htdocs\proyecto_perez_ruiz_federico\system\Helpers\form_helper.php on line 123
in SYSTEMPATH\Helpers\form_helper.php on line 143.
 1 SYSTEMPATH\Helpers\form_helper.php(123): form_input('id', null, 'C:\\xampp\\htdocs\\proyecto_perez_ruiz_federico', 'hidden')
 2 APPPATH\Views\front\catalogo.php(46): form_hidden('id', null)
 3 SYSTEMPATH\View\View.php(213): include('APPPATH\\Views\\front\\catalogo.php')
 4 SYSTEMPATH\View\View.php(216): CodeIgniter\View\View->CodeIgniter\View\{closure}()
 5 SYSTEMPATH\Common.php(1184): CodeIgniter\View\View->render('\\front\\catalogo', [], true)
 6 APPPATH\Controllers\productos_controller.php(193): view('\\front\\catalogo', [...])
 7 SYSTEMPATH\CodeIgniter.php(934): App\Controllers\productos_controller->catalogo('TODOS')
 8 SYSTEMPATH\CodeIgniter.php(499): CodeIgniter\CodeIgniter->runController(Object(App\Controllers\productos_controller))
 9 SYSTEMPATH\CodeIgniter.php(368): CodeIgniter\CodeIgniter->handleRequest(null, Object(Config\Cache), false)
10 FCPATH\index.php(67): CodeIgniter\CodeIgniter->run()
CRITICAL - 2024-06-04 15:31:23 --> Argument 2 passed to form_input() must be of the type string, null given, called in C:\xampp\htdocs\proyecto_perez_ruiz_federico\system\Helpers\form_helper.php on line 123
in SYSTEMPATH\Helpers\form_helper.php on line 143.
 1 SYSTEMPATH\Helpers\form_helper.php(123): form_input('id', null, 'C:\\xampp\\htdocs\\proyecto_perez_ruiz_federico', 'hidden')
 2 APPPATH\Views\front\catalogo.php(46): form_hidden('id', null)
 3 SYSTEMPATH\View\View.php(213): include('APPPATH\\Views\\front\\catalogo.php')
 4 SYSTEMPATH\View\View.php(216): CodeIgniter\View\View->CodeIgniter\View\{closure}()
 5 SYSTEMPATH\Common.php(1184): CodeIgniter\View\View->render('\\front\\catalogo', [], true)
 6 APPPATH\Controllers\productos_controller.php(193): view('\\front\\catalogo', [...])
 7 SYSTEMPATH\CodeIgniter.php(934): App\Controllers\productos_controller->catalogo('TODOS')
 8 SYSTEMPATH\CodeIgniter.php(499): CodeIgniter\CodeIgniter->runController(Object(App\Controllers\productos_controller))
 9 SYSTEMPATH\CodeIgniter.php(368): CodeIgniter\CodeIgniter->handleRequest(null, Object(Config\Cache), false)
10 FCPATH\index.php(67): CodeIgniter\CodeIgniter->run()
CRITICAL - 2024-06-04 15:32:30 --> Argument 2 passed to form_input() must be of the type string, null given, called in C:\xampp\htdocs\proyecto_perez_ruiz_federico\system\Helpers\form_helper.php on line 123
in SYSTEMPATH\Helpers\form_helper.php on line 143.
 1 SYSTEMPATH\Helpers\form_helper.php(123): form_input('id', null, 'C:\\xampp\\htdocs\\proyecto_perez_ruiz_federico', 'hidden')
 2 APPPATH\Views\front\catalogo.php(46): form_hidden('id', null)
 3 SYSTEMPATH\View\View.php(213): include('APPPATH\\Views\\front\\catalogo.php')
 4 SYSTEMPATH\View\View.php(216): CodeIgniter\View\View->CodeIgniter\View\{closure}()
 5 SYSTEMPATH\Common.php(1184): CodeIgniter\View\View->render('\\front\\catalogo', [], true)
 6 APPPATH\Controllers\productos_controller.php(193): view('\\front\\catalogo', [...])
 7 SYSTEMPATH\CodeIgniter.php(934): App\Controllers\productos_controller->catalogo('TODOS')
 8 SYSTEMPATH\CodeIgniter.php(499): CodeIgniter\CodeIgniter->runController(Object(App\Controllers\productos_controller))
 9 SYSTEMPATH\CodeIgniter.php(368): CodeIgniter\CodeIgniter->handleRequest(null, Object(Config\Cache), false)
10 FCPATH\index.php(67): CodeIgniter\CodeIgniter->run()
CRITICAL - 2024-06-04 16:25:52 --> syntax error, unexpected ')', expecting ';'
in APPPATH\Views\front\catalogo.php on line 61.
 1 SYSTEMPATH\View\View.php(216): CodeIgniter\View\View->CodeIgniter\View\{closure}()
 2 SYSTEMPATH\Common.php(1184): CodeIgniter\View\View->render('\\front\\catalogo', [], true)
 3 APPPATH\Controllers\productos_controller.php(193): view('\\front\\catalogo', [...])
 4 SYSTEMPATH\CodeIgniter.php(934): App\Controllers\productos_controller->catalogo('TODOS')
 5 SYSTEMPATH\CodeIgniter.php(499): CodeIgniter\CodeIgniter->runController(Object(App\Controllers\productos_controller))
 6 SYSTEMPATH\CodeIgniter.php(368): CodeIgniter\CodeIgniter->handleRequest(null, Object(Config\Cache), false)
 7 FCPATH\index.php(67): CodeIgniter\CodeIgniter->run()
CRITICAL - 2024-06-04 16:28:47 --> Use of undefined constant cantidad - assumed 'cantidad' (this will throw an Error in a future version of PHP)
in APPPATH\Views\front\catalogo.php on line 70.
 1 APPPATH\Views\front\catalogo.php(70): CodeIgniter\Debug\Exceptions->errorHandler(2, 'Use of undefined constant cantidad - assumed \'cantidad\' (this will throw an Error in a future version of PHP)', 'APPPATH\\Views\\front\\catalogo.php', 70, [...])
 2 SYSTEMPATH\View\View.php(213): include('APPPATH\\Views\\front\\catalogo.php')
 3 SYSTEMPATH\View\View.php(216): CodeIgniter\View\View->CodeIgniter\View\{closure}()
 4 SYSTEMPATH\Common.php(1184): CodeIgniter\View\View->render('\\front\\catalogo', [], true)
 5 APPPATH\Controllers\productos_controller.php(193): view('\\front\\catalogo', [...])
 6 SYSTEMPATH\CodeIgniter.php(934): App\Controllers\productos_controller->catalogo('TODOS')
 7 SYSTEMPATH\CodeIgniter.php(499): CodeIgniter\CodeIgniter->runController(Object(App\Controllers\productos_controller))
 8 SYSTEMPATH\CodeIgniter.php(368): CodeIgniter\CodeIgniter->handleRequest(null, Object(Config\Cache), false)
 9 FCPATH\index.php(67): CodeIgniter\CodeIgniter->run()
CRITICAL - 2024-06-04 16:35:51 --> Argument 2 passed to form_input() must be of the type string, null given, called in C:\xampp\htdocs\proyecto_perez_ruiz_federico\system\Helpers\form_helper.php on line 123
in SYSTEMPATH\Helpers\form_helper.php on line 143.
 1 SYSTEMPATH\Helpers\form_helper.php(123): form_input('qty', null, 'C:\\xampp\\htdocs\\proyecto_perez_ruiz_federico', 'hidden')
 2 APPPATH\Views\front\catalogo.php(72): form_hidden('qty', null)
 3 SYSTEMPATH\View\View.php(213): include('APPPATH\\Views\\front\\catalogo.php')
 4 SYSTEMPATH\View\View.php(216): CodeIgniter\View\View->CodeIgniter\View\{closure}()
 5 SYSTEMPATH\Common.php(1184): CodeIgniter\View\View->render('\\front\\catalogo', [], true)
 6 APPPATH\Controllers\productos_controller.php(193): view('\\front\\catalogo', [...])
 7 SYSTEMPATH\CodeIgniter.php(934): App\Controllers\productos_controller->catalogo('TODOS')
 8 SYSTEMPATH\CodeIgniter.php(499): CodeIgniter\CodeIgniter->runController(Object(App\Controllers\productos_controller))
 9 SYSTEMPATH\CodeIgniter.php(368): CodeIgniter\CodeIgniter->handleRequest(null, Object(Config\Cache), false)
10 FCPATH\index.php(67): CodeIgniter\CodeIgniter->run()
CRITICAL - 2024-06-04 17:36:41 --> Argument 3 passed to form_hidden() must be of the type bool, array given, called in C:\xampp\htdocs\proyecto_perez_ruiz_federico\app\Views\front\catalogo.php on line 72
in SYSTEMPATH\Helpers\form_helper.php on line 106.
 1 APPPATH\Views\front\catalogo.php(72): form_hidden('qty', 'C:\\xampp\\htdocs\\proyecto_perez_ruiz_federico', [...])
 2 SYSTEMPATH\View\View.php(213): include('APPPATH\\Views\\front\\catalogo.php')
 3 SYSTEMPATH\View\View.php(216): CodeIgniter\View\View->CodeIgniter\View\{closure}()
 4 SYSTEMPATH\Common.php(1184): CodeIgniter\View\View->render('\\front\\catalogo', [], true)
 5 APPPATH\Controllers\productos_controller.php(193): view('\\front\\catalogo', [...])
 6 SYSTEMPATH\CodeIgniter.php(934): App\Controllers\productos_controller->catalogo('TODOS')
 7 SYSTEMPATH\CodeIgniter.php(499): CodeIgniter\CodeIgniter->runController(Object(App\Controllers\productos_controller))
 8 SYSTEMPATH\CodeIgniter.php(368): CodeIgniter\CodeIgniter->handleRequest(null, Object(Config\Cache), false)
 9 FCPATH\index.php(67): CodeIgniter\CodeIgniter->run()
ERROR - 2024-06-04 17:42:24 --> The cart array must contain a product ID, quantity, price, and name.
CRITICAL - 2024-06-04 18:11:10 --> Argument 2 passed to form_input() must be of the type string, null given, called in C:\xampp\htdocs\proyecto_perez_ruiz_federico\system\Helpers\form_helper.php on line 123
in SYSTEMPATH\Helpers\form_helper.php on line 143.
 1 SYSTEMPATH\Helpers\form_helper.php(123): form_input('qty', null, 'C:\\xampp\\htdocs\\proyecto_perez_ruiz_federico', 'hidden')
 2 APPPATH\Views\front\catalogo.php(72): form_hidden('qty', null)
 3 SYSTEMPATH\View\View.php(213): include('APPPATH\\Views\\front\\catalogo.php')
 4 SYSTEMPATH\View\View.php(216): CodeIgniter\View\View->CodeIgniter\View\{closure}()
 5 SYSTEMPATH\Common.php(1184): CodeIgniter\View\View->render('\\front\\catalogo', [], true)
 6 APPPATH\Controllers\productos_controller.php(193): view('\\front\\catalogo', [...])
 7 SYSTEMPATH\CodeIgniter.php(934): App\Controllers\productos_controller->catalogo('TODOS')
 8 SYSTEMPATH\CodeIgniter.php(499): CodeIgniter\CodeIgniter->runController(Object(App\Controllers\productos_controller))
 9 SYSTEMPATH\CodeIgniter.php(368): CodeIgniter\CodeIgniter->handleRequest(null, Object(Config\Cache), false)
10 FCPATH\index.php(67): CodeIgniter\CodeIgniter->run()
CRITICAL - 2024-06-04 18:13:37 --> Argument 2 passed to form_input() must be of the type string, null given, called in C:\xampp\htdocs\proyecto_perez_ruiz_federico\system\Helpers\form_helper.php on line 123
in SYSTEMPATH\Helpers\form_helper.php on line 143.
 1 SYSTEMPATH\Helpers\form_helper.php(123): form_input('qty', null, 'C:\\xampp\\htdocs\\proyecto_perez_ruiz_federico', 'hidden')
 2 APPPATH\Views\front\catalogo.php(73): form_hidden('qty', null)
 3 SYSTEMPATH\View\View.php(213): include('APPPATH\\Views\\front\\catalogo.php')
 4 SYSTEMPATH\View\View.php(216): CodeIgniter\View\View->CodeIgniter\View\{closure}()
 5 SYSTEMPATH\Common.php(1184): CodeIgniter\View\View->render('\\front\\catalogo', [], true)
 6 APPPATH\Controllers\productos_controller.php(193): view('\\front\\catalogo', [...])
 7 SYSTEMPATH\CodeIgniter.php(934): App\Controllers\productos_controller->catalogo('TODOS')
 8 SYSTEMPATH\CodeIgniter.php(499): CodeIgniter\CodeIgniter->runController(Object(App\Controllers\productos_controller))
 9 SYSTEMPATH\CodeIgniter.php(368): CodeIgniter\CodeIgniter->handleRequest(null, Object(Config\Cache), false)
10 FCPATH\index.php(67): CodeIgniter\CodeIgniter->run()
CRITICAL - 2024-06-04 18:22:14 --> Argument 2 passed to form_input() must be of the type string, null given, called in C:\xampp\htdocs\proyecto_perez_ruiz_federico\system\Helpers\form_helper.php on line 123
in SYSTEMPATH\Helpers\form_helper.php on line 143.
 1 SYSTEMPATH\Helpers\form_helper.php(123): form_input('qty', null, 'C:\\xampp\\htdocs\\proyecto_perez_ruiz_federico', 'hidden')
 2 APPPATH\Views\front\catalogo.php(73): form_hidden('qty', null, true)
 3 SYSTEMPATH\View\View.php(213): include('APPPATH\\Views\\front\\catalogo.php')
 4 SYSTEMPATH\View\View.php(216): CodeIgniter\View\View->CodeIgniter\View\{closure}()
 5 SYSTEMPATH\Common.php(1184): CodeIgniter\View\View->render('\\front\\catalogo', [], true)
 6 APPPATH\Controllers\productos_controller.php(193): view('\\front\\catalogo', [...])
 7 SYSTEMPATH\CodeIgniter.php(934): App\Controllers\productos_controller->catalogo('TODOS')
 8 SYSTEMPATH\CodeIgniter.php(499): CodeIgniter\CodeIgniter->runController(Object(App\Controllers\productos_controller))
 9 SYSTEMPATH\CodeIgniter.php(368): CodeIgniter\CodeIgniter->handleRequest(null, Object(Config\Cache), false)
10 FCPATH\index.php(67): CodeIgniter\CodeIgniter->run()
ERROR - 2024-06-04 22:32:26 --> mysqli_sql_exception: Column 'usuario_id' cannot be null in C:\xampp\htdocs\proyecto_perez_ruiz_federico\system\Database\MySQLi\Connection.php:295
Stack trace:
#0 C:\xampp\htdocs\proyecto_perez_ruiz_federico\system\Database\MySQLi\Connection.php(295): mysqli->query('INSERT INTO `ve...', 0)
#1 C:\xampp\htdocs\proyecto_perez_ruiz_federico\system\Database\BaseConnection.php(691): CodeIgniter\Database\MySQLi\Connection->execute('INSERT INTO `ve...')
#2 C:\xampp\htdocs\proyecto_perez_ruiz_federico\system\Database\BaseConnection.php(605): CodeIgniter\Database\BaseConnection->simpleQuery('INSERT INTO `ve...')
#3 C:\xampp\htdocs\proyecto_perez_ruiz_federico\system\Database\BaseBuilder.php(2309): CodeIgniter\Database\BaseConnection->query('INSERT INTO `ve...', Array, false)
#4 C:\xampp\htdocs\proyecto_perez_ruiz_federico\system\Model.php(330): CodeIgniter\Database\BaseBuilder->insert()
#5 C:\xampp\htdocs\proyecto_perez_ruiz_federico\system\BaseModel.php(782): CodeIgniter\Model->doInsert(Array)
#6 C:\xampp\htdocs\proyecto_perez_ruiz_federico\system\Model.php(730): CodeIgniter\BaseModel->insert(Array, true)
#7 C:\xampp\htdocs\proyecto_perez_ruiz_federico\app\Controllers\carrito_controller.php(92): CodeIgniter\Model->insert(Array)
#8 C:\xampp\htdocs\proyecto_perez_ruiz_federico\system\CodeIgniter.php(934): App\Controllers\carrito_controller->comprarCarrito()
#9 C:\xampp\htdocs\proyecto_perez_ruiz_federico\system\CodeIgniter.php(499): CodeIgniter\CodeIgniter->runController(Object(App\Controllers\carrito_controller))
#10 C:\xampp\htdocs\proyecto_perez_ruiz_federico\system\CodeIgniter.php(368): CodeIgniter\CodeIgniter->handleRequest(NULL, Object(Config\Cache), false)
#11 C:\xampp\htdocs\proyecto_perez_ruiz_federico\index.php(67): CodeIgniter\CodeIgniter->run()
#12 {main}
CRITICAL - 2024-06-04 22:32:26 --> Column 'usuario_id' cannot be null
in SYSTEMPATH\Database\BaseConnection.php on line 645.
 1 SYSTEMPATH\Database\BaseBuilder.php(2309): CodeIgniter\Database\BaseConnection->query('INSERT INTO `ventas_cabecera` (`total_venta`, `usuario_id`) VALUES (:total_venta:, :usuario_id:)', [...], false)
 2 SYSTEMPATH\Model.php(330): CodeIgniter\Database\BaseBuilder->insert()
 3 SYSTEMPATH\BaseModel.php(782): CodeIgniter\Model->doInsert([...])
 4 SYSTEMPATH\Model.php(730): CodeIgniter\BaseModel->insert([...], true)
 5 APPPATH\Controllers\carrito_controller.php(92): CodeIgniter\Model->insert([...])
 6 SYSTEMPATH\CodeIgniter.php(934): App\Controllers\carrito_controller->comprarCarrito()
 7 SYSTEMPATH\CodeIgniter.php(499): CodeIgniter\CodeIgniter->runController(Object(App\Controllers\carrito_controller))
 8 SYSTEMPATH\CodeIgniter.php(368): CodeIgniter\CodeIgniter->handleRequest(null, Object(Config\Cache), false)
 9 FCPATH\index.php(67): CodeIgniter\CodeIgniter->run()
