CRITICAL - 2024-06-05 01:43:15 --> Invalid argument supplied for foreach()
in APPPATH\Views\front\catalogo.php on line 60.
 1 APPPATH\Views\front\catalogo.php(60): CodeIgniter\Debug\Exceptions->errorHandler(2, 'Invalid argument supplied for foreach()', 'APPPATH\\Views\\front\\catalogo.php', 60, [...])
 2 SYSTEMPATH\View\View.php(213): include('APPPATH\\Views\\front\\catalogo.php')
 3 SYSTEMPATH\View\View.php(216): CodeIgniter\View\View->CodeIgniter\View\{closure}()
 4 SYSTEMPATH\Common.php(1184): CodeIgniter\View\View->render('\\front\\catalogo', [], true)
 5 APPPATH\Controllers\productos_controller.php(193): view('\\front\\catalogo', [...])
 6 SYSTEMPATH\CodeIgniter.php(934): App\Controllers\productos_controller->catalogo('TODOS')
 7 SYSTEMPATH\CodeIgniter.php(499): CodeIgniter\CodeIgniter->runController(Object(App\Controllers\productos_controller))
 8 SYSTEMPATH\CodeIgniter.php(368): CodeIgniter\CodeIgniter->handleRequest(null, Object(Config\Cache), false)
 9 FCPATH\index.php(67): CodeIgniter\CodeIgniter->run()
ERROR - 2024-06-05 02:14:14 --> mysqli_sql_exception: Column 'usuario_id' cannot be null in C:\xampp\htdocs\proyecto_perez_ruiz_federico\system\Database\MySQLi\Connection.php:295
Stack trace:
#0 C:\xampp\htdocs\proyecto_perez_ruiz_federico\system\Database\MySQLi\Connection.php(295): mysqli->query('INSERT INTO `ve...', 0)
#1 C:\xampp\htdocs\proyecto_perez_ruiz_federico\system\Database\BaseConnection.php(691): CodeIgniter\Database\MySQLi\Connection->execute('INSERT INTO `ve...')
#2 C:\xampp\htdocs\proyecto_perez_ruiz_federico\system\Database\BaseConnection.php(605): CodeIgniter\Database\BaseConnection->simpleQuery('INSERT INTO `ve...')
#3 C:\xampp\htdocs\proyecto_perez_ruiz_federico\system\Database\BaseBuilder.php(2309): CodeIgniter\Database\BaseConnection->query('INSERT INTO `ve...', Array, false)
#4 C:\xampp\htdocs\proyecto_perez_ruiz_federico\system\Model.php(330): CodeIgniter\Database\BaseBuilder->insert()
#5 C:\xampp\htdocs\proyecto_perez_ruiz_federico\system\BaseModel.php(782): CodeIgniter\Model->doInsert(Array)
#6 C:\xampp\htdocs\proyecto_perez_ruiz_federico\system\Model.php(730): CodeIgniter\BaseModel->insert(Array, true)
#7 C:\xampp\htdocs\proyecto_perez_ruiz_federico\app\Controllers\carrito_controller.php(92): CodeIgniter\Model->insert(Array)
#8 C:\xampp\htdocs\proyecto_perez_ruiz_federico\system\CodeIgniter.php(934): App\Controllers\carrito_controller->comprarCarrito()
#9 C:\xampp\htdocs\proyecto_perez_ruiz_federico\system\CodeIgniter.php(499): CodeIgniter\CodeIgniter->runController(Object(App\Controllers\carrito_controller))
#10 C:\xampp\htdocs\proyecto_perez_ruiz_federico\system\CodeIgniter.php(368): CodeIgniter\CodeIgniter->handleRequest(NULL, Object(Config\Cache), false)
#11 C:\xampp\htdocs\proyecto_perez_ruiz_federico\index.php(67): CodeIgniter\CodeIgniter->run()
#12 {main}
CRITICAL - 2024-06-05 02:14:14 --> Column 'usuario_id' cannot be null
in SYSTEMPATH\Database\BaseConnection.php on line 645.
 1 SYSTEMPATH\Database\BaseBuilder.php(2309): CodeIgniter\Database\BaseConnection->query('INSERT INTO `ventas_cabecera` (`total_venta`, `usuario_id`) VALUES (:total_venta:, :usuario_id:)', [...], false)
 2 SYSTEMPATH\Model.php(330): CodeIgniter\Database\BaseBuilder->insert()
 3 SYSTEMPATH\BaseModel.php(782): CodeIgniter\Model->doInsert([...])
 4 SYSTEMPATH\Model.php(730): CodeIgniter\BaseModel->insert([...], true)
 5 APPPATH\Controllers\carrito_controller.php(92): CodeIgniter\Model->insert([...])
 6 SYSTEMPATH\CodeIgniter.php(934): App\Controllers\carrito_controller->comprarCarrito()
 7 SYSTEMPATH\CodeIgniter.php(499): CodeIgniter\CodeIgniter->runController(Object(App\Controllers\carrito_controller))
 8 SYSTEMPATH\CodeIgniter.php(368): CodeIgniter\CodeIgniter->handleRequest(null, Object(Config\Cache), false)
 9 FCPATH\index.php(67): CodeIgniter\CodeIgniter->run()
ERROR - 2024-06-05 02:16:31 --> mysqli_sql_exception: MySQL server has gone away in C:\xampp\htdocs\proyecto_perez_ruiz_federico\system\Database\MySQLi\Connection.php:295
Stack trace:
#0 C:\xampp\htdocs\proyecto_perez_ruiz_federico\system\Database\MySQLi\Connection.php(295): mysqli->query('INSERT INTO `ve...', 0)
#1 C:\xampp\htdocs\proyecto_perez_ruiz_federico\system\Database\BaseConnection.php(691): CodeIgniter\Database\MySQLi\Connection->execute('INSERT INTO `ve...')
#2 C:\xampp\htdocs\proyecto_perez_ruiz_federico\system\Database\BaseConnection.php(605): CodeIgniter\Database\BaseConnection->simpleQuery('INSERT INTO `ve...')
#3 C:\xampp\htdocs\proyecto_perez_ruiz_federico\system\Database\BaseBuilder.php(2309): CodeIgniter\Database\BaseConnection->query('INSERT INTO `ve...', Array, false)
#4 C:\xampp\htdocs\proyecto_perez_ruiz_federico\system\Model.php(330): CodeIgniter\Database\BaseBuilder->insert()
#5 C:\xampp\htdocs\proyecto_perez_ruiz_federico\system\BaseModel.php(782): CodeIgniter\Model->doInsert(Array)
#6 C:\xampp\htdocs\proyecto_perez_ruiz_federico\system\Model.php(730): CodeIgniter\BaseModel->insert(Array, true)
#7 C:\xampp\htdocs\proyecto_perez_ruiz_federico\app\Controllers\carrito_controller.php(92): CodeIgniter\Model->insert(Array)
#8 C:\xampp\htdocs\proyecto_perez_ruiz_federico\system\CodeIgniter.php(934): App\Controllers\carrito_controller->comprarCarrito()
#9 C:\xampp\htdocs\proyecto_perez_ruiz_federico\system\CodeIgniter.php(499): CodeIgniter\CodeIgniter->runController(Object(App\Controllers\carrito_controller))
#10 C:\xampp\htdocs\proyecto_perez_ruiz_federico\system\CodeIgniter.php(368): CodeIgniter\CodeIgniter->handleRequest(NULL, Object(Config\Cache), false)
#11 C:\xampp\htdocs\proyecto_perez_ruiz_federico\index.php(67): CodeIgniter\CodeIgniter->run()
#12 {main}
CRITICAL - 2024-06-05 02:16:31 --> MySQL server has gone away
in SYSTEMPATH\Database\BaseConnection.php on line 645.
 1 SYSTEMPATH\Database\BaseBuilder.php(2309): CodeIgniter\Database\BaseConnection->query('INSERT INTO `ventas_cabecera` (`total_venta`, `usuario_id`) VALUES (:total_venta:, :usuario_id:)', [...], false)
 2 SYSTEMPATH\Model.php(330): CodeIgniter\Database\BaseBuilder->insert()
 3 SYSTEMPATH\BaseModel.php(782): CodeIgniter\Model->doInsert([...])
 4 SYSTEMPATH\Model.php(730): CodeIgniter\BaseModel->insert([...], true)
 5 APPPATH\Controllers\carrito_controller.php(92): CodeIgniter\Model->insert([...])
 6 SYSTEMPATH\CodeIgniter.php(934): App\Controllers\carrito_controller->comprarCarrito()
 7 SYSTEMPATH\CodeIgniter.php(499): CodeIgniter\CodeIgniter->runController(Object(App\Controllers\carrito_controller))
 8 SYSTEMPATH\CodeIgniter.php(368): CodeIgniter\CodeIgniter->handleRequest(null, Object(Config\Cache), false)
 9 FCPATH\index.php(67): CodeIgniter\CodeIgniter->run()
ERROR - 2024-06-05 02:17:20 --> Error connecting to the database: mysqli_sql_exception: No se puede establecer una conexión ya que el equipo de destino denegó expresamente dicha conexión.
 in C:\xampp\htdocs\proyecto_perez_ruiz_federico\system\Database\MySQLi\Connection.php:174
Stack trace:
#0 C:\xampp\htdocs\proyecto_perez_ruiz_federico\system\Database\MySQLi\Connection.php(174): mysqli->real_connect('localhost', 'root', '', 'bd_perezruiz_fe...', 3306, '', 0)
#1 C:\xampp\htdocs\proyecto_perez_ruiz_federico\system\Database\BaseConnection.php(391): CodeIgniter\Database\MySQLi\Connection->connect(false)
#2 C:\xampp\htdocs\proyecto_perez_ruiz_federico\system\Database\BaseConnection.php(573): CodeIgniter\Database\BaseConnection->initialize()
#3 C:\xampp\htdocs\proyecto_perez_ruiz_federico\system\Database\BaseBuilder.php(2309): CodeIgniter\Database\BaseConnection->query('INSERT INTO `ve...', Array, false)
#4 C:\xampp\htdocs\proyecto_perez_ruiz_federico\system\Model.php(330): CodeIgniter\Database\BaseBuilder->insert()
#5 C:\xampp\htdocs\proyecto_perez_ruiz_federico\system\BaseModel.php(782): CodeIgniter\Model->doInsert(Array)
#6 C:\xampp\htdocs\proyecto_perez_ruiz_federico\system\Model.php(730): CodeIgniter\BaseModel->insert(Array, true)
#7 C:\xampp\htdocs\proyecto_perez_ruiz_federico\app\Controllers\carrito_controller.php(92): CodeIgniter\Model->insert(Array)
#8 C:\xampp\htdocs\proyecto_perez_ruiz_federico\system\CodeIgniter.php(934): App\Controllers\carrito_controller->comprarCarrito()
#9 C:\xampp\htdocs\proyecto_perez_ruiz_federico\system\CodeIgniter.php(499): CodeIgniter\CodeIgniter->runController(Object(App\Controllers\carrito_controller))
#10 C:\xampp\htdocs\proyecto_perez_ruiz_federico\system\CodeIgniter.php(368): CodeIgniter\CodeIgniter->handleRequest(NULL, Object(Config\Cache), false)
#11 C:\xampp\htdocs\proyecto_perez_ruiz_federico\index.php(67): CodeIgniter\CodeIgniter->run()
#12 {main}

Next CodeIgniter\Database\Exceptions\DatabaseException: No se puede establecer una conexión ya que el equipo de destino denegó expresamente dicha conexión.
 in C:\xampp\htdocs\proyecto_perez_ruiz_federico\system\Database\MySQLi\Connection.php:218
Stack trace:
#0 C:\xampp\htdocs\proyecto_perez_ruiz_federico\system\Database\BaseConnection.php(391): CodeIgniter\Database\MySQLi\Connection->connect(false)
#1 C:\xampp\htdocs\proyecto_perez_ruiz_federico\system\Database\BaseConnection.php(573): CodeIgniter\Database\BaseConnection->initialize()
#2 C:\xampp\htdocs\proyecto_perez_ruiz_federico\system\Database\BaseBuilder.php(2309): CodeIgniter\Database\BaseConnection->query('INSERT INTO `ve...', Array, false)
#3 C:\xampp\htdocs\proyecto_perez_ruiz_federico\system\Model.php(330): CodeIgniter\Database\BaseBuilder->insert()
#4 C:\xampp\htdocs\proyecto_perez_ruiz_federico\system\BaseModel.php(782): CodeIgniter\Model->doInsert(Array)
#5 C:\xampp\htdocs\proyecto_perez_ruiz_federico\system\Model.php(730): CodeIgniter\BaseModel->insert(Array, true)
#6 C:\xampp\htdocs\proyecto_perez_ruiz_federico\app\Controllers\carrito_controller.php(92): CodeIgniter\Model->insert(Array)
#7 C:\xampp\htdocs\proyecto_perez_ruiz_federico\system\CodeIgniter.php(934): App\Controllers\carrito_controller->comprarCarrito()
#8 C:\xampp\htdocs\proyecto_perez_ruiz_federico\system\CodeIgniter.php(499): CodeIgniter\CodeIgniter->runController(Object(App\Controllers\carrito_controller))
#9 C:\xampp\htdocs\proyecto_perez_ruiz_federico\system\CodeIgniter.php(368): CodeIgniter\CodeIgniter->handleRequest(NULL, Object(Config\Cache), false)
#10 C:\xampp\htdocs\proyecto_perez_ruiz_federico\index.php(67): CodeIgniter\CodeIgniter->run()
#11 {main}
CRITICAL - 2024-06-05 02:17:20 --> Unable to connect to the database.
Main connection [MySQLi]: No se puede establecer una conexión ya que el equipo de destino denegó expresamente dicha conexión.

in SYSTEMPATH\Database\BaseConnection.php on line 427.
 1 SYSTEMPATH\Database\BaseConnection.php(573): CodeIgniter\Database\BaseConnection->initialize()
 2 SYSTEMPATH\Database\BaseBuilder.php(2309): CodeIgniter\Database\BaseConnection->query('INSERT INTO `ventas_cabecera` (`total_venta`, `usuario_id`) VALUES (:total_venta:, :usuario_id:)', [...], false)
 3 SYSTEMPATH\Model.php(330): CodeIgniter\Database\BaseBuilder->insert()
 4 SYSTEMPATH\BaseModel.php(782): CodeIgniter\Model->doInsert([...])
 5 SYSTEMPATH\Model.php(730): CodeIgniter\BaseModel->insert([...], true)
 6 APPPATH\Controllers\carrito_controller.php(92): CodeIgniter\Model->insert([...])
 7 SYSTEMPATH\CodeIgniter.php(934): App\Controllers\carrito_controller->comprarCarrito()
 8 SYSTEMPATH\CodeIgniter.php(499): CodeIgniter\CodeIgniter->runController(Object(App\Controllers\carrito_controller))
 9 SYSTEMPATH\CodeIgniter.php(368): CodeIgniter\CodeIgniter->handleRequest(null, Object(Config\Cache), false)
10 FCPATH\index.php(67): CodeIgniter\CodeIgniter->run()
ERROR - 2024-06-05 02:25:28 --> Error connecting to the database: mysqli_sql_exception: No se puede establecer una conexión ya que el equipo de destino denegó expresamente dicha conexión.
 in C:\xampp\htdocs\proyecto_perez_ruiz_federico\system\Database\MySQLi\Connection.php:174
Stack trace:
#0 C:\xampp\htdocs\proyecto_perez_ruiz_federico\system\Database\MySQLi\Connection.php(174): mysqli->real_connect('localhost', 'root', '', 'bd_perezruiz_fe...', 3306, '', 0)
#1 C:\xampp\htdocs\proyecto_perez_ruiz_federico\system\Database\BaseConnection.php(391): CodeIgniter\Database\MySQLi\Connection->connect(false)
#2 C:\xampp\htdocs\proyecto_perez_ruiz_federico\system\Database\BaseConnection.php(573): CodeIgniter\Database\BaseConnection->initialize()
#3 C:\xampp\htdocs\proyecto_perez_ruiz_federico\system\Database\BaseBuilder.php(1616): CodeIgniter\Database\BaseConnection->query('SELECT *\nFROM `...', Array, false)
#4 C:\xampp\htdocs\proyecto_perez_ruiz_federico\system\Model.php(241): CodeIgniter\Database\BaseBuilder->get()
#5 C:\xampp\htdocs\proyecto_perez_ruiz_federico\system\BaseModel.php(618): CodeIgniter\Model->doFindAll(0, 0)
#6 C:\xampp\htdocs\proyecto_perez_ruiz_federico\app\Controllers\Home.php(13): CodeIgniter\BaseModel->findAll()
#7 C:\xampp\htdocs\proyecto_perez_ruiz_federico\system\CodeIgniter.php(934): App\Controllers\Home->index()
#8 C:\xampp\htdocs\proyecto_perez_ruiz_federico\system\CodeIgniter.php(499): CodeIgniter\CodeIgniter->runController(Object(App\Controllers\Home))
#9 C:\xampp\htdocs\proyecto_perez_ruiz_federico\system\CodeIgniter.php(368): CodeIgniter\CodeIgniter->handleRequest(NULL, Object(Config\Cache), false)
#10 C:\xampp\htdocs\proyecto_perez_ruiz_federico\index.php(67): CodeIgniter\CodeIgniter->run()
#11 {main}

Next CodeIgniter\Database\Exceptions\DatabaseException: No se puede establecer una conexión ya que el equipo de destino denegó expresamente dicha conexión.
 in C:\xampp\htdocs\proyecto_perez_ruiz_federico\system\Database\MySQLi\Connection.php:218
Stack trace:
#0 C:\xampp\htdocs\proyecto_perez_ruiz_federico\system\Database\BaseConnection.php(391): CodeIgniter\Database\MySQLi\Connection->connect(false)
#1 C:\xampp\htdocs\proyecto_perez_ruiz_federico\system\Database\BaseConnection.php(573): CodeIgniter\Database\BaseConnection->initialize()
#2 C:\xampp\htdocs\proyecto_perez_ruiz_federico\system\Database\BaseBuilder.php(1616): CodeIgniter\Database\BaseConnection->query('SELECT *\nFROM `...', Array, false)
#3 C:\xampp\htdocs\proyecto_perez_ruiz_federico\system\Model.php(241): CodeIgniter\Database\BaseBuilder->get()
#4 C:\xampp\htdocs\proyecto_perez_ruiz_federico\system\BaseModel.php(618): CodeIgniter\Model->doFindAll(0, 0)
#5 C:\xampp\htdocs\proyecto_perez_ruiz_federico\app\Controllers\Home.php(13): CodeIgniter\BaseModel->findAll()
#6 C:\xampp\htdocs\proyecto_perez_ruiz_federico\system\CodeIgniter.php(934): App\Controllers\Home->index()
#7 C:\xampp\htdocs\proyecto_perez_ruiz_federico\system\CodeIgniter.php(499): CodeIgniter\CodeIgniter->runController(Object(App\Controllers\Home))
#8 C:\xampp\htdocs\proyecto_perez_ruiz_federico\system\CodeIgniter.php(368): CodeIgniter\CodeIgniter->handleRequest(NULL, Object(Config\Cache), false)
#9 C:\xampp\htdocs\proyecto_perez_ruiz_federico\index.php(67): CodeIgniter\CodeIgniter->run()
#10 {main}
CRITICAL - 2024-06-05 02:25:28 --> Unable to connect to the database.
Main connection [MySQLi]: No se puede establecer una conexión ya que el equipo de destino denegó expresamente dicha conexión.

in SYSTEMPATH\Database\BaseConnection.php on line 427.
 1 SYSTEMPATH\Database\BaseConnection.php(573): CodeIgniter\Database\BaseConnection->initialize()
 2 SYSTEMPATH\Database\BaseBuilder.php(1616): CodeIgniter\Database\BaseConnection->query('SELECT *
FROM `productos`
ORDER BY `nombre_prod` ASC', [], false)
 3 SYSTEMPATH\Model.php(241): CodeIgniter\Database\BaseBuilder->get()
 4 SYSTEMPATH\BaseModel.php(618): CodeIgniter\Model->doFindAll(0, 0)
 5 APPPATH\Controllers\Home.php(13): CodeIgniter\BaseModel->findAll()
 6 SYSTEMPATH\CodeIgniter.php(934): App\Controllers\Home->index()
 7 SYSTEMPATH\CodeIgniter.php(499): CodeIgniter\CodeIgniter->runController(Object(App\Controllers\Home))
 8 SYSTEMPATH\CodeIgniter.php(368): CodeIgniter\CodeIgniter->handleRequest(null, Object(Config\Cache), false)
 9 FCPATH\index.php(67): CodeIgniter\CodeIgniter->run()
CRITICAL - 2024-06-05 19:16:55 --> Invalid file: "\front\facturas.php"
in SYSTEMPATH\Exceptions\FrameworkException.php on line 33.
 1 SYSTEMPATH\View\View.php(201): CodeIgniter\Exceptions\FrameworkException::forInvalidFile('\\front\\facturas.php')
 2 SYSTEMPATH\Common.php(1184): CodeIgniter\View\View->render('\\front\\facturas', [], true)
 3 APPPATH\Controllers\carrito_controller.php(129): view('\\front\\facturas', [...])
 4 SYSTEMPATH\CodeIgniter.php(934): App\Controllers\carrito_controller->mostrarTablaFacturas()
 5 SYSTEMPATH\CodeIgniter.php(499): CodeIgniter\CodeIgniter->runController(Object(App\Controllers\carrito_controller))
 6 SYSTEMPATH\CodeIgniter.php(368): CodeIgniter\CodeIgniter->handleRequest(null, Object(Config\Cache), false)
 7 FCPATH\index.php(67): CodeIgniter\CodeIgniter->run()
ERROR - 2024-06-05 19:29:44 --> mysqli_sql_exception: MySQL server has gone away in C:\xampp\htdocs\proyecto_perez_ruiz_federico\system\Database\MySQLi\Connection.php:295
Stack trace:
#0 C:\xampp\htdocs\proyecto_perez_ruiz_federico\system\Database\MySQLi\Connection.php(295): mysqli->query('INSERT INTO `ve...', 0)
#1 C:\xampp\htdocs\proyecto_perez_ruiz_federico\system\Database\BaseConnection.php(691): CodeIgniter\Database\MySQLi\Connection->execute('INSERT INTO `ve...')
#2 C:\xampp\htdocs\proyecto_perez_ruiz_federico\system\Database\BaseConnection.php(605): CodeIgniter\Database\BaseConnection->simpleQuery('INSERT INTO `ve...')
#3 C:\xampp\htdocs\proyecto_perez_ruiz_federico\system\Database\BaseBuilder.php(2309): CodeIgniter\Database\BaseConnection->query('INSERT INTO `ve...', Array, false)
#4 C:\xampp\htdocs\proyecto_perez_ruiz_federico\system\Model.php(330): CodeIgniter\Database\BaseBuilder->insert()
#5 C:\xampp\htdocs\proyecto_perez_ruiz_federico\system\BaseModel.php(782): CodeIgniter\Model->doInsert(Array)
#6 C:\xampp\htdocs\proyecto_perez_ruiz_federico\system\Model.php(730): CodeIgniter\BaseModel->insert(Array, true)
#7 C:\xampp\htdocs\proyecto_perez_ruiz_federico\app\Controllers\carrito_controller.php(92): CodeIgniter\Model->insert(Array)
#8 C:\xampp\htdocs\proyecto_perez_ruiz_federico\system\CodeIgniter.php(934): App\Controllers\carrito_controller->comprarCarrito()
#9 C:\xampp\htdocs\proyecto_perez_ruiz_federico\system\CodeIgniter.php(499): CodeIgniter\CodeIgniter->runController(Object(App\Controllers\carrito_controller))
#10 C:\xampp\htdocs\proyecto_perez_ruiz_federico\system\CodeIgniter.php(368): CodeIgniter\CodeIgniter->handleRequest(NULL, Object(Config\Cache), false)
#11 C:\xampp\htdocs\proyecto_perez_ruiz_federico\index.php(67): CodeIgniter\CodeIgniter->run()
#12 {main}
CRITICAL - 2024-06-05 19:29:44 --> MySQL server has gone away
in SYSTEMPATH\Database\BaseConnection.php on line 645.
 1 SYSTEMPATH\Database\BaseBuilder.php(2309): CodeIgniter\Database\BaseConnection->query('INSERT INTO `ventas_cabecera` (`total_venta`, `usuario_id`) VALUES (:total_venta:, :usuario_id:)', [...], false)
 2 SYSTEMPATH\Model.php(330): CodeIgniter\Database\BaseBuilder->insert()
 3 SYSTEMPATH\BaseModel.php(782): CodeIgniter\Model->doInsert([...])
 4 SYSTEMPATH\Model.php(730): CodeIgniter\BaseModel->insert([...], true)
 5 APPPATH\Controllers\carrito_controller.php(92): CodeIgniter\Model->insert([...])
 6 SYSTEMPATH\CodeIgniter.php(934): App\Controllers\carrito_controller->comprarCarrito()
 7 SYSTEMPATH\CodeIgniter.php(499): CodeIgniter\CodeIgniter->runController(Object(App\Controllers\carrito_controller))
 8 SYSTEMPATH\CodeIgniter.php(368): CodeIgniter\CodeIgniter->handleRequest(null, Object(Config\Cache), false)
 9 FCPATH\index.php(67): CodeIgniter\CodeIgniter->run()
ERROR - 2024-06-05 19:42:16 --> mysqli_sql_exception: MySQL server has gone away in C:\xampp\htdocs\proyecto_perez_ruiz_federico\system\Database\MySQLi\Connection.php:295
Stack trace:
#0 C:\xampp\htdocs\proyecto_perez_ruiz_federico\system\Database\MySQLi\Connection.php(295): mysqli->query('SELECT *\nFROM `...', 0)
#1 C:\xampp\htdocs\proyecto_perez_ruiz_federico\system\Database\BaseConnection.php(691): CodeIgniter\Database\MySQLi\Connection->execute('SELECT *\nFROM `...')
#2 C:\xampp\htdocs\proyecto_perez_ruiz_federico\system\Database\BaseConnection.php(605): CodeIgniter\Database\BaseConnection->simpleQuery('SELECT *\nFROM `...')
#3 C:\xampp\htdocs\proyecto_perez_ruiz_federico\system\Database\BaseBuilder.php(1616): CodeIgniter\Database\BaseConnection->query('SELECT *\nFROM `...', Array, false)
#4 C:\xampp\htdocs\proyecto_perez_ruiz_federico\system\Model.php(241): CodeIgniter\Database\BaseBuilder->get()
#5 C:\xampp\htdocs\proyecto_perez_ruiz_federico\system\BaseModel.php(618): CodeIgniter\Model->doFindAll(0, 0)
#6 C:\xampp\htdocs\proyecto_perez_ruiz_federico\app\Controllers\usuario_controller.php(322): CodeIgniter\BaseModel->findAll()
#7 C:\xampp\htdocs\proyecto_perez_ruiz_federico\system\CodeIgniter.php(934): App\Controllers\usuario_controller->mostrarTablaABMusuarios('ACTIVOS')
#8 C:\xampp\htdocs\proyecto_perez_ruiz_federico\system\CodeIgniter.php(499): CodeIgniter\CodeIgniter->runController(Object(App\Controllers\usuario_controller))
#9 C:\xampp\htdocs\proyecto_perez_ruiz_federico\system\CodeIgniter.php(368): CodeIgniter\CodeIgniter->handleRequest(NULL, Object(Config\Cache), false)
#10 C:\xampp\htdocs\proyecto_perez_ruiz_federico\index.php(67): CodeIgniter\CodeIgniter->run()
#11 {main}
CRITICAL - 2024-06-05 19:42:16 --> MySQL server has gone away
in SYSTEMPATH\Database\BaseConnection.php on line 645.
 1 SYSTEMPATH\Database\BaseBuilder.php(1616): CodeIgniter\Database\BaseConnection->query('SELECT *
FROM `perfiles`', [], false)
 2 SYSTEMPATH\Model.php(241): CodeIgniter\Database\BaseBuilder->get()
 3 SYSTEMPATH\BaseModel.php(618): CodeIgniter\Model->doFindAll(0, 0)
 4 APPPATH\Controllers\usuario_controller.php(322): CodeIgniter\BaseModel->findAll()
 5 SYSTEMPATH\CodeIgniter.php(934): App\Controllers\usuario_controller->mostrarTablaABMusuarios('ACTIVOS')
 6 SYSTEMPATH\CodeIgniter.php(499): CodeIgniter\CodeIgniter->runController(Object(App\Controllers\usuario_controller))
 7 SYSTEMPATH\CodeIgniter.php(368): CodeIgniter\CodeIgniter->handleRequest(null, Object(Config\Cache), false)
 8 FCPATH\index.php(67): CodeIgniter\CodeIgniter->run()
ERROR - 2024-06-05 19:42:20 --> Error connecting to the database: mysqli_sql_exception: No se puede establecer una conexión ya que el equipo de destino denegó expresamente dicha conexión.
 in C:\xampp\htdocs\proyecto_perez_ruiz_federico\system\Database\MySQLi\Connection.php:174
Stack trace:
#0 C:\xampp\htdocs\proyecto_perez_ruiz_federico\system\Database\MySQLi\Connection.php(174): mysqli->real_connect('localhost', 'root', '', 'bd_perezruiz_fe...', 3306, '', 0)
#1 C:\xampp\htdocs\proyecto_perez_ruiz_federico\system\Database\BaseConnection.php(391): CodeIgniter\Database\MySQLi\Connection->connect(false)
#2 C:\xampp\htdocs\proyecto_perez_ruiz_federico\system\Database\BaseConnection.php(573): CodeIgniter\Database\BaseConnection->initialize()
#3 C:\xampp\htdocs\proyecto_perez_ruiz_federico\system\Database\BaseBuilder.php(1616): CodeIgniter\Database\BaseConnection->query('SELECT *\nFROM `...', Array, false)
#4 C:\xampp\htdocs\proyecto_perez_ruiz_federico\system\Model.php(241): CodeIgniter\Database\BaseBuilder->get()
#5 C:\xampp\htdocs\proyecto_perez_ruiz_federico\system\BaseModel.php(618): CodeIgniter\Model->doFindAll(0, 0)
#6 C:\xampp\htdocs\proyecto_perez_ruiz_federico\app\Controllers\carrito_controller.php(122): CodeIgniter\BaseModel->findAll()
#7 C:\xampp\htdocs\proyecto_perez_ruiz_federico\system\CodeIgniter.php(934): App\Controllers\carrito_controller->mostrarTablaFacturas()
#8 C:\xampp\htdocs\proyecto_perez_ruiz_federico\system\CodeIgniter.php(499): CodeIgniter\CodeIgniter->runController(Object(App\Controllers\carrito_controller))
#9 C:\xampp\htdocs\proyecto_perez_ruiz_federico\system\CodeIgniter.php(368): CodeIgniter\CodeIgniter->handleRequest(NULL, Object(Config\Cache), false)
#10 C:\xampp\htdocs\proyecto_perez_ruiz_federico\index.php(67): CodeIgniter\CodeIgniter->run()
#11 {main}

Next CodeIgniter\Database\Exceptions\DatabaseException: No se puede establecer una conexión ya que el equipo de destino denegó expresamente dicha conexión.
 in C:\xampp\htdocs\proyecto_perez_ruiz_federico\system\Database\MySQLi\Connection.php:218
Stack trace:
#0 C:\xampp\htdocs\proyecto_perez_ruiz_federico\system\Database\BaseConnection.php(391): CodeIgniter\Database\MySQLi\Connection->connect(false)
#1 C:\xampp\htdocs\proyecto_perez_ruiz_federico\system\Database\BaseConnection.php(573): CodeIgniter\Database\BaseConnection->initialize()
#2 C:\xampp\htdocs\proyecto_perez_ruiz_federico\system\Database\BaseBuilder.php(1616): CodeIgniter\Database\BaseConnection->query('SELECT *\nFROM `...', Array, false)
#3 C:\xampp\htdocs\proyecto_perez_ruiz_federico\system\Model.php(241): CodeIgniter\Database\BaseBuilder->get()
#4 C:\xampp\htdocs\proyecto_perez_ruiz_federico\system\BaseModel.php(618): CodeIgniter\Model->doFindAll(0, 0)
#5 C:\xampp\htdocs\proyecto_perez_ruiz_federico\app\Controllers\carrito_controller.php(122): CodeIgniter\BaseModel->findAll()
#6 C:\xampp\htdocs\proyecto_perez_ruiz_federico\system\CodeIgniter.php(934): App\Controllers\carrito_controller->mostrarTablaFacturas()
#7 C:\xampp\htdocs\proyecto_perez_ruiz_federico\system\CodeIgniter.php(499): CodeIgniter\CodeIgniter->runController(Object(App\Controllers\carrito_controller))
#8 C:\xampp\htdocs\proyecto_perez_ruiz_federico\system\CodeIgniter.php(368): CodeIgniter\CodeIgniter->handleRequest(NULL, Object(Config\Cache), false)
#9 C:\xampp\htdocs\proyecto_perez_ruiz_federico\index.php(67): CodeIgniter\CodeIgniter->run()
#10 {main}
CRITICAL - 2024-06-05 19:42:20 --> Unable to connect to the database.
Main connection [MySQLi]: No se puede establecer una conexión ya que el equipo de destino denegó expresamente dicha conexión.

in SYSTEMPATH\Database\BaseConnection.php on line 427.
 1 SYSTEMPATH\Database\BaseConnection.php(573): CodeIgniter\Database\BaseConnection->initialize()
 2 SYSTEMPATH\Database\BaseBuilder.php(1616): CodeIgniter\Database\BaseConnection->query('SELECT *
FROM `usuarios`', [], false)
 3 SYSTEMPATH\Model.php(241): CodeIgniter\Database\BaseBuilder->get()
 4 SYSTEMPATH\BaseModel.php(618): CodeIgniter\Model->doFindAll(0, 0)
 5 APPPATH\Controllers\carrito_controller.php(122): CodeIgniter\BaseModel->findAll()
 6 SYSTEMPATH\CodeIgniter.php(934): App\Controllers\carrito_controller->mostrarTablaFacturas()
 7 SYSTEMPATH\CodeIgniter.php(499): CodeIgniter\CodeIgniter->runController(Object(App\Controllers\carrito_controller))
 8 SYSTEMPATH\CodeIgniter.php(368): CodeIgniter\CodeIgniter->handleRequest(null, Object(Config\Cache), false)
 9 FCPATH\index.php(67): CodeIgniter\CodeIgniter->run()
ERROR - 2024-06-05 19:42:24 --> Error connecting to the database: mysqli_sql_exception: No se puede establecer una conexión ya que el equipo de destino denegó expresamente dicha conexión.
 in C:\xampp\htdocs\proyecto_perez_ruiz_federico\system\Database\MySQLi\Connection.php:174
Stack trace:
#0 C:\xampp\htdocs\proyecto_perez_ruiz_federico\system\Database\MySQLi\Connection.php(174): mysqli->real_connect('localhost', 'root', '', 'bd_perezruiz_fe...', 3306, '', 0)
#1 C:\xampp\htdocs\proyecto_perez_ruiz_federico\system\Database\BaseConnection.php(391): CodeIgniter\Database\MySQLi\Connection->connect(false)
#2 C:\xampp\htdocs\proyecto_perez_ruiz_federico\system\Database\BaseConnection.php(573): CodeIgniter\Database\BaseConnection->initialize()
#3 C:\xampp\htdocs\proyecto_perez_ruiz_federico\system\Database\BaseBuilder.php(1616): CodeIgniter\Database\BaseConnection->query('SELECT *\nFROM `...', Array, false)
#4 C:\xampp\htdocs\proyecto_perez_ruiz_federico\system\Model.php(241): CodeIgniter\Database\BaseBuilder->get()
#5 C:\xampp\htdocs\proyecto_perez_ruiz_federico\system\BaseModel.php(618): CodeIgniter\Model->doFindAll(0, 0)
#6 C:\xampp\htdocs\proyecto_perez_ruiz_federico\app\Controllers\usuario_controller.php(316): CodeIgniter\BaseModel->findAll()
#7 C:\xampp\htdocs\proyecto_perez_ruiz_federico\system\CodeIgniter.php(934): App\Controllers\usuario_controller->mostrarTablaABMusuarios('ACTIVOS')
#8 C:\xampp\htdocs\proyecto_perez_ruiz_federico\system\CodeIgniter.php(499): CodeIgniter\CodeIgniter->runController(Object(App\Controllers\usuario_controller))
#9 C:\xampp\htdocs\proyecto_perez_ruiz_federico\system\CodeIgniter.php(368): CodeIgniter\CodeIgniter->handleRequest(NULL, Object(Config\Cache), false)
#10 C:\xampp\htdocs\proyecto_perez_ruiz_federico\index.php(67): CodeIgniter\CodeIgniter->run()
#11 {main}

Next CodeIgniter\Database\Exceptions\DatabaseException: No se puede establecer una conexión ya que el equipo de destino denegó expresamente dicha conexión.
 in C:\xampp\htdocs\proyecto_perez_ruiz_federico\system\Database\MySQLi\Connection.php:218
Stack trace:
#0 C:\xampp\htdocs\proyecto_perez_ruiz_federico\system\Database\BaseConnection.php(391): CodeIgniter\Database\MySQLi\Connection->connect(false)
#1 C:\xampp\htdocs\proyecto_perez_ruiz_federico\system\Database\BaseConnection.php(573): CodeIgniter\Database\BaseConnection->initialize()
#2 C:\xampp\htdocs\proyecto_perez_ruiz_federico\system\Database\BaseBuilder.php(1616): CodeIgniter\Database\BaseConnection->query('SELECT *\nFROM `...', Array, false)
#3 C:\xampp\htdocs\proyecto_perez_ruiz_federico\system\Model.php(241): CodeIgniter\Database\BaseBuilder->get()
#4 C:\xampp\htdocs\proyecto_perez_ruiz_federico\system\BaseModel.php(618): CodeIgniter\Model->doFindAll(0, 0)
#5 C:\xampp\htdocs\proyecto_perez_ruiz_federico\app\Controllers\usuario_controller.php(316): CodeIgniter\BaseModel->findAll()
#6 C:\xampp\htdocs\proyecto_perez_ruiz_federico\system\CodeIgniter.php(934): App\Controllers\usuario_controller->mostrarTablaABMusuarios('ACTIVOS')
#7 C:\xampp\htdocs\proyecto_perez_ruiz_federico\system\CodeIgniter.php(499): CodeIgniter\CodeIgniter->runController(Object(App\Controllers\usuario_controller))
#8 C:\xampp\htdocs\proyecto_perez_ruiz_federico\system\CodeIgniter.php(368): CodeIgniter\CodeIgniter->handleRequest(NULL, Object(Config\Cache), false)
#9 C:\xampp\htdocs\proyecto_perez_ruiz_federico\index.php(67): CodeIgniter\CodeIgniter->run()
#10 {main}
CRITICAL - 2024-06-05 19:42:24 --> Unable to connect to the database.
Main connection [MySQLi]: No se puede establecer una conexión ya que el equipo de destino denegó expresamente dicha conexión.

in SYSTEMPATH\Database\BaseConnection.php on line 427.
 1 SYSTEMPATH\Database\BaseConnection.php(573): CodeIgniter\Database\BaseConnection->initialize()
 2 SYSTEMPATH\Database\BaseBuilder.php(1616): CodeIgniter\Database\BaseConnection->query('SELECT *
FROM `usuarios`
WHERE `baja` = :baja:
ORDER BY `id_usuario` DESC', [...], false)
 3 SYSTEMPATH\Model.php(241): CodeIgniter\Database\BaseBuilder->get()
 4 SYSTEMPATH\BaseModel.php(618): CodeIgniter\Model->doFindAll(0, 0)
 5 APPPATH\Controllers\usuario_controller.php(316): CodeIgniter\BaseModel->findAll()
 6 SYSTEMPATH\CodeIgniter.php(934): App\Controllers\usuario_controller->mostrarTablaABMusuarios('ACTIVOS')
 7 SYSTEMPATH\CodeIgniter.php(499): CodeIgniter\CodeIgniter->runController(Object(App\Controllers\usuario_controller))
 8 SYSTEMPATH\CodeIgniter.php(368): CodeIgniter\CodeIgniter->handleRequest(null, Object(Config\Cache), false)
 9 FCPATH\index.php(67): CodeIgniter\CodeIgniter->run()
ERROR - 2024-06-05 19:42:33 --> Error connecting to the database: mysqli_sql_exception: No se puede establecer una conexión ya que el equipo de destino denegó expresamente dicha conexión.
 in C:\xampp\htdocs\proyecto_perez_ruiz_federico\system\Database\MySQLi\Connection.php:174
Stack trace:
#0 C:\xampp\htdocs\proyecto_perez_ruiz_federico\system\Database\MySQLi\Connection.php(174): mysqli->real_connect('localhost', 'root', '', 'bd_perezruiz_fe...', 3306, '', 0)
#1 C:\xampp\htdocs\proyecto_perez_ruiz_federico\system\Database\BaseConnection.php(391): CodeIgniter\Database\MySQLi\Connection->connect(false)
#2 C:\xampp\htdocs\proyecto_perez_ruiz_federico\system\Database\BaseConnection.php(573): CodeIgniter\Database\BaseConnection->initialize()
#3 C:\xampp\htdocs\proyecto_perez_ruiz_federico\system\Database\BaseBuilder.php(1616): CodeIgniter\Database\BaseConnection->query('SELECT *\nFROM `...', Array, false)
#4 C:\xampp\htdocs\proyecto_perez_ruiz_federico\system\Model.php(241): CodeIgniter\Database\BaseBuilder->get()
#5 C:\xampp\htdocs\proyecto_perez_ruiz_federico\system\BaseModel.php(618): CodeIgniter\Model->doFindAll(0, 0)
#6 C:\xampp\htdocs\proyecto_perez_ruiz_federico\app\Controllers\productos_controller.php(16): CodeIgniter\BaseModel->findAll()
#7 C:\xampp\htdocs\proyecto_perez_ruiz_federico\system\CodeIgniter.php(934): App\Controllers\productos_controller->mostrarTablaABMProductos('TODOS')
#8 C:\xampp\htdocs\proyecto_perez_ruiz_federico\system\CodeIgniter.php(499): CodeIgniter\CodeIgniter->runController(Object(App\Controllers\productos_controller))
#9 C:\xampp\htdocs\proyecto_perez_ruiz_federico\system\CodeIgniter.php(368): CodeIgniter\CodeIgniter->handleRequest(NULL, Object(Config\Cache), false)
#10 C:\xampp\htdocs\proyecto_perez_ruiz_federico\index.php(67): CodeIgniter\CodeIgniter->run()
#11 {main}

Next CodeIgniter\Database\Exceptions\DatabaseException: No se puede establecer una conexión ya que el equipo de destino denegó expresamente dicha conexión.
 in C:\xampp\htdocs\proyecto_perez_ruiz_federico\system\Database\MySQLi\Connection.php:218
Stack trace:
#0 C:\xampp\htdocs\proyecto_perez_ruiz_federico\system\Database\BaseConnection.php(391): CodeIgniter\Database\MySQLi\Connection->connect(false)
#1 C:\xampp\htdocs\proyecto_perez_ruiz_federico\system\Database\BaseConnection.php(573): CodeIgniter\Database\BaseConnection->initialize()
#2 C:\xampp\htdocs\proyecto_perez_ruiz_federico\system\Database\BaseBuilder.php(1616): CodeIgniter\Database\BaseConnection->query('SELECT *\nFROM `...', Array, false)
#3 C:\xampp\htdocs\proyecto_perez_ruiz_federico\system\Model.php(241): CodeIgniter\Database\BaseBuilder->get()
#4 C:\xampp\htdocs\proyecto_perez_ruiz_federico\system\BaseModel.php(618): CodeIgniter\Model->doFindAll(0, 0)
#5 C:\xampp\htdocs\proyecto_perez_ruiz_federico\app\Controllers\productos_controller.php(16): CodeIgniter\BaseModel->findAll()
#6 C:\xampp\htdocs\proyecto_perez_ruiz_federico\system\CodeIgniter.php(934): App\Controllers\productos_controller->mostrarTablaABMProductos('TODOS')
#7 C:\xampp\htdocs\proyecto_perez_ruiz_federico\system\CodeIgniter.php(499): CodeIgniter\CodeIgniter->runController(Object(App\Controllers\productos_controller))
#8 C:\xampp\htdocs\proyecto_perez_ruiz_federico\system\CodeIgniter.php(368): CodeIgniter\CodeIgniter->handleRequest(NULL, Object(Config\Cache), false)
#9 C:\xampp\htdocs\proyecto_perez_ruiz_federico\index.php(67): CodeIgniter\CodeIgniter->run()
#10 {main}
CRITICAL - 2024-06-05 19:42:33 --> Unable to connect to the database.
Main connection [MySQLi]: No se puede establecer una conexión ya que el equipo de destino denegó expresamente dicha conexión.

in SYSTEMPATH\Database\BaseConnection.php on line 427.
 1 SYSTEMPATH\Database\BaseConnection.php(573): CodeIgniter\Database\BaseConnection->initialize()
 2 SYSTEMPATH\Database\BaseBuilder.php(1616): CodeIgniter\Database\BaseConnection->query('SELECT *
FROM `productos`
ORDER BY `nombre_prod` ASC', [], false)
 3 SYSTEMPATH\Model.php(241): CodeIgniter\Database\BaseBuilder->get()
 4 SYSTEMPATH\BaseModel.php(618): CodeIgniter\Model->doFindAll(0, 0)
 5 APPPATH\Controllers\productos_controller.php(16): CodeIgniter\BaseModel->findAll()
 6 SYSTEMPATH\CodeIgniter.php(934): App\Controllers\productos_controller->mostrarTablaABMProductos('TODOS')
 7 SYSTEMPATH\CodeIgniter.php(499): CodeIgniter\CodeIgniter->runController(Object(App\Controllers\productos_controller))
 8 SYSTEMPATH\CodeIgniter.php(368): CodeIgniter\CodeIgniter->handleRequest(null, Object(Config\Cache), false)
 9 FCPATH\index.php(67): CodeIgniter\CodeIgniter->run()
ERROR - 2024-06-05 19:42:38 --> Error connecting to the database: ErrorException: mysqli::real_connect(): Error while reading greeting packet. PID=8456 in C:\xampp\htdocs\proyecto_perez_ruiz_federico\system\Database\MySQLi\Connection.php:174
Stack trace:
#0 [internal function]: CodeIgniter\Debug\Exceptions->errorHandler(2, 'mysqli::real_co...', 'C:\\xampp\\htdocs...', 174, Array)
#1 C:\xampp\htdocs\proyecto_perez_ruiz_federico\system\Database\MySQLi\Connection.php(174): mysqli->real_connect('localhost', 'root', '', 'bd_perezruiz_fe...', 3306, '', 0)
#2 C:\xampp\htdocs\proyecto_perez_ruiz_federico\system\Database\BaseConnection.php(391): CodeIgniter\Database\MySQLi\Connection->connect(false)
#3 C:\xampp\htdocs\proyecto_perez_ruiz_federico\system\Database\BaseConnection.php(573): CodeIgniter\Database\BaseConnection->initialize()
#4 C:\xampp\htdocs\proyecto_perez_ruiz_federico\system\Database\BaseBuilder.php(1616): CodeIgniter\Database\BaseConnection->query('SELECT *\nFROM `...', Array, false)
#5 C:\xampp\htdocs\proyecto_perez_ruiz_federico\system\Model.php(241): CodeIgniter\Database\BaseBuilder->get()
#6 C:\xampp\htdocs\proyecto_perez_ruiz_federico\system\BaseModel.php(618): CodeIgniter\Model->doFindAll(0, 0)
#7 C:\xampp\htdocs\proyecto_perez_ruiz_federico\app\Controllers\carrito_controller.php(122): CodeIgniter\BaseModel->findAll()
#8 C:\xampp\htdocs\proyecto_perez_ruiz_federico\system\CodeIgniter.php(934): App\Controllers\carrito_controller->mostrarTablaFacturas()
#9 C:\xampp\htdocs\proyecto_perez_ruiz_federico\system\CodeIgniter.php(499): CodeIgniter\CodeIgniter->runController(Object(App\Controllers\carrito_controller))
#10 C:\xampp\htdocs\proyecto_perez_ruiz_federico\system\CodeIgniter.php(368): CodeIgniter\CodeIgniter->handleRequest(NULL, Object(Config\Cache), false)
#11 C:\xampp\htdocs\proyecto_perez_ruiz_federico\index.php(67): CodeIgniter\CodeIgniter->run()
#12 {main}

Next mysqli_sql_exception: MySQL server has gone away in C:\xampp\htdocs\proyecto_perez_ruiz_federico\system\Database\MySQLi\Connection.php:174
Stack trace:
#0 C:\xampp\htdocs\proyecto_perez_ruiz_federico\system\Database\MySQLi\Connection.php(174): mysqli->real_connect('localhost', 'root', '', 'bd_perezruiz_fe...', 3306, '', 0)
#1 C:\xampp\htdocs\proyecto_perez_ruiz_federico\system\Database\BaseConnection.php(391): CodeIgniter\Database\MySQLi\Connection->connect(false)
#2 C:\xampp\htdocs\proyecto_perez_ruiz_federico\system\Database\BaseConnection.php(573): CodeIgniter\Database\BaseConnection->initialize()
#3 C:\xampp\htdocs\proyecto_perez_ruiz_federico\system\Database\BaseBuilder.php(1616): CodeIgniter\Database\BaseConnection->query('SELECT *\nFROM `...', Array, false)
#4 C:\xampp\htdocs\proyecto_perez_ruiz_federico\system\Model.php(241): CodeIgniter\Database\BaseBuilder->get()
#5 C:\xampp\htdocs\proyecto_perez_ruiz_federico\system\BaseModel.php(618): CodeIgniter\Model->doFindAll(0, 0)
#6 C:\xampp\htdocs\proyecto_perez_ruiz_federico\app\Controllers\carrito_controller.php(122): CodeIgniter\BaseModel->findAll()
#7 C:\xampp\htdocs\proyecto_perez_ruiz_federico\system\CodeIgniter.php(934): App\Controllers\carrito_controller->mostrarTablaFacturas()
#8 C:\xampp\htdocs\proyecto_perez_ruiz_federico\system\CodeIgniter.php(499): CodeIgniter\CodeIgniter->runController(Object(App\Controllers\carrito_controller))
#9 C:\xampp\htdocs\proyecto_perez_ruiz_federico\system\CodeIgniter.php(368): CodeIgniter\CodeIgniter->handleRequest(NULL, Object(Config\Cache), false)
#10 C:\xampp\htdocs\proyecto_perez_ruiz_federico\index.php(67): CodeIgniter\CodeIgniter->run()
#11 {main}

Next CodeIgniter\Database\Exceptions\DatabaseException: MySQL server has gone away in C:\xampp\htdocs\proyecto_perez_ruiz_federico\system\Database\MySQLi\Connection.php:218
Stack trace:
#0 C:\xampp\htdocs\proyecto_perez_ruiz_federico\system\Database\BaseConnection.php(391): CodeIgniter\Database\MySQLi\Connection->connect(false)
#1 C:\xampp\htdocs\proyecto_perez_ruiz_federico\system\Database\BaseConnection.php(573): CodeIgniter\Database\BaseConnection->initialize()
#2 C:\xampp\htdocs\proyecto_perez_ruiz_federico\system\Database\BaseBuilder.php(1616): CodeIgniter\Database\BaseConnection->query('SELECT *\nFROM `...', Array, false)
#3 C:\xampp\htdocs\proyecto_perez_ruiz_federico\system\Model.php(241): CodeIgniter\Database\BaseBuilder->get()
#4 C:\xampp\htdocs\proyecto_perez_ruiz_federico\system\BaseModel.php(618): CodeIgniter\Model->doFindAll(0, 0)
#5 C:\xampp\htdocs\proyecto_perez_ruiz_federico\app\Controllers\carrito_controller.php(122): CodeIgniter\BaseModel->findAll()
#6 C:\xampp\htdocs\proyecto_perez_ruiz_federico\system\CodeIgniter.php(934): App\Controllers\carrito_controller->mostrarTablaFacturas()
#7 C:\xampp\htdocs\proyecto_perez_ruiz_federico\system\CodeIgniter.php(499): CodeIgniter\CodeIgniter->runController(Object(App\Controllers\carrito_controller))
#8 C:\xampp\htdocs\proyecto_perez_ruiz_federico\system\CodeIgniter.php(368): CodeIgniter\CodeIgniter->handleRequest(NULL, Object(Config\Cache), false)
#9 C:\xampp\htdocs\proyecto_perez_ruiz_federico\index.php(67): CodeIgniter\CodeIgniter->run()
#10 {main}
CRITICAL - 2024-06-05 19:42:38 --> Unable to connect to the database.
Main connection [MySQLi]: MySQL server has gone away
in SYSTEMPATH\Database\BaseConnection.php on line 427.
 1 SYSTEMPATH\Database\BaseConnection.php(573): CodeIgniter\Database\BaseConnection->initialize()
 2 SYSTEMPATH\Database\BaseBuilder.php(1616): CodeIgniter\Database\BaseConnection->query('SELECT *
FROM `usuarios`', [], false)
 3 SYSTEMPATH\Model.php(241): CodeIgniter\Database\BaseBuilder->get()
 4 SYSTEMPATH\BaseModel.php(618): CodeIgniter\Model->doFindAll(0, 0)
 5 APPPATH\Controllers\carrito_controller.php(122): CodeIgniter\BaseModel->findAll()
 6 SYSTEMPATH\CodeIgniter.php(934): App\Controllers\carrito_controller->mostrarTablaFacturas()
 7 SYSTEMPATH\CodeIgniter.php(499): CodeIgniter\CodeIgniter->runController(Object(App\Controllers\carrito_controller))
 8 SYSTEMPATH\CodeIgniter.php(368): CodeIgniter\CodeIgniter->handleRequest(null, Object(Config\Cache), false)
 9 FCPATH\index.php(67): CodeIgniter\CodeIgniter->run()
ERROR - 2024-06-05 19:43:02 --> Error connecting to the database: mysqli_sql_exception: No se puede establecer una conexión ya que el equipo de destino denegó expresamente dicha conexión.
 in C:\xampp\htdocs\proyecto_perez_ruiz_federico\system\Database\MySQLi\Connection.php:174
Stack trace:
#0 C:\xampp\htdocs\proyecto_perez_ruiz_federico\system\Database\MySQLi\Connection.php(174): mysqli->real_connect('localhost', 'root', '', 'bd_perezruiz_fe...', 3306, '', 0)
#1 C:\xampp\htdocs\proyecto_perez_ruiz_federico\system\Database\BaseConnection.php(391): CodeIgniter\Database\MySQLi\Connection->connect(false)
#2 C:\xampp\htdocs\proyecto_perez_ruiz_federico\system\Database\BaseConnection.php(573): CodeIgniter\Database\BaseConnection->initialize()
#3 C:\xampp\htdocs\proyecto_perez_ruiz_federico\system\Database\BaseBuilder.php(1616): CodeIgniter\Database\BaseConnection->query('SELECT *\nFROM `...', Array, false)
#4 C:\xampp\htdocs\proyecto_perez_ruiz_federico\system\Model.php(241): CodeIgniter\Database\BaseBuilder->get()
#5 C:\xampp\htdocs\proyecto_perez_ruiz_federico\system\BaseModel.php(618): CodeIgniter\Model->doFindAll(0, 0)
#6 C:\xampp\htdocs\proyecto_perez_ruiz_federico\app\Controllers\Home.php(13): CodeIgniter\BaseModel->findAll()
#7 C:\xampp\htdocs\proyecto_perez_ruiz_federico\system\CodeIgniter.php(934): App\Controllers\Home->index()
#8 C:\xampp\htdocs\proyecto_perez_ruiz_federico\system\CodeIgniter.php(499): CodeIgniter\CodeIgniter->runController(Object(App\Controllers\Home))
#9 C:\xampp\htdocs\proyecto_perez_ruiz_federico\system\CodeIgniter.php(368): CodeIgniter\CodeIgniter->handleRequest(NULL, Object(Config\Cache), false)
#10 C:\xampp\htdocs\proyecto_perez_ruiz_federico\index.php(67): CodeIgniter\CodeIgniter->run()
#11 {main}

Next CodeIgniter\Database\Exceptions\DatabaseException: No se puede establecer una conexión ya que el equipo de destino denegó expresamente dicha conexión.
 in C:\xampp\htdocs\proyecto_perez_ruiz_federico\system\Database\MySQLi\Connection.php:218
Stack trace:
#0 C:\xampp\htdocs\proyecto_perez_ruiz_federico\system\Database\BaseConnection.php(391): CodeIgniter\Database\MySQLi\Connection->connect(false)
#1 C:\xampp\htdocs\proyecto_perez_ruiz_federico\system\Database\BaseConnection.php(573): CodeIgniter\Database\BaseConnection->initialize()
#2 C:\xampp\htdocs\proyecto_perez_ruiz_federico\system\Database\BaseBuilder.php(1616): CodeIgniter\Database\BaseConnection->query('SELECT *\nFROM `...', Array, false)
#3 C:\xampp\htdocs\proyecto_perez_ruiz_federico\system\Model.php(241): CodeIgniter\Database\BaseBuilder->get()
#4 C:\xampp\htdocs\proyecto_perez_ruiz_federico\system\BaseModel.php(618): CodeIgniter\Model->doFindAll(0, 0)
#5 C:\xampp\htdocs\proyecto_perez_ruiz_federico\app\Controllers\Home.php(13): CodeIgniter\BaseModel->findAll()
#6 C:\xampp\htdocs\proyecto_perez_ruiz_federico\system\CodeIgniter.php(934): App\Controllers\Home->index()
#7 C:\xampp\htdocs\proyecto_perez_ruiz_federico\system\CodeIgniter.php(499): CodeIgniter\CodeIgniter->runController(Object(App\Controllers\Home))
#8 C:\xampp\htdocs\proyecto_perez_ruiz_federico\system\CodeIgniter.php(368): CodeIgniter\CodeIgniter->handleRequest(NULL, Object(Config\Cache), false)
#9 C:\xampp\htdocs\proyecto_perez_ruiz_federico\index.php(67): CodeIgniter\CodeIgniter->run()
#10 {main}
CRITICAL - 2024-06-05 19:43:02 --> Unable to connect to the database.
Main connection [MySQLi]: No se puede establecer una conexión ya que el equipo de destino denegó expresamente dicha conexión.

in SYSTEMPATH\Database\BaseConnection.php on line 427.
 1 SYSTEMPATH\Database\BaseConnection.php(573): CodeIgniter\Database\BaseConnection->initialize()
 2 SYSTEMPATH\Database\BaseBuilder.php(1616): CodeIgniter\Database\BaseConnection->query('SELECT *
FROM `productos`
ORDER BY `unidadesVendidas` DESC', [], false)
 3 SYSTEMPATH\Model.php(241): CodeIgniter\Database\BaseBuilder->get()
 4 SYSTEMPATH\BaseModel.php(618): CodeIgniter\Model->doFindAll(0, 0)
 5 APPPATH\Controllers\Home.php(13): CodeIgniter\BaseModel->findAll()
 6 SYSTEMPATH\CodeIgniter.php(934): App\Controllers\Home->index()
 7 SYSTEMPATH\CodeIgniter.php(499): CodeIgniter\CodeIgniter->runController(Object(App\Controllers\Home))
 8 SYSTEMPATH\CodeIgniter.php(368): CodeIgniter\CodeIgniter->handleRequest(null, Object(Config\Cache), false)
 9 FCPATH\index.php(67): CodeIgniter\CodeIgniter->run()
ERROR - 2024-06-05 19:47:29 --> Error connecting to the database: ErrorException: mysqli::real_connect(): Error while reading greeting packet. PID=11712 in C:\xampp\htdocs\proyecto_perez_ruiz_federico\system\Database\MySQLi\Connection.php:174
Stack trace:
#0 [internal function]: CodeIgniter\Debug\Exceptions->errorHandler(2, 'mysqli::real_co...', 'C:\\xampp\\htdocs...', 174, Array)
#1 C:\xampp\htdocs\proyecto_perez_ruiz_federico\system\Database\MySQLi\Connection.php(174): mysqli->real_connect('localhost', 'root', '', 'bd_perezruiz_fe...', 3306, '', 0)
#2 C:\xampp\htdocs\proyecto_perez_ruiz_federico\system\Database\BaseConnection.php(391): CodeIgniter\Database\MySQLi\Connection->connect(false)
#3 C:\xampp\htdocs\proyecto_perez_ruiz_federico\system\Database\BaseConnection.php(573): CodeIgniter\Database\BaseConnection->initialize()
#4 C:\xampp\htdocs\proyecto_perez_ruiz_federico\system\Database\BaseBuilder.php(1616): CodeIgniter\Database\BaseConnection->query('SELECT *\nFROM `...', Array, false)
#5 C:\xampp\htdocs\proyecto_perez_ruiz_federico\system\Model.php(241): CodeIgniter\Database\BaseBuilder->get()
#6 C:\xampp\htdocs\proyecto_perez_ruiz_federico\system\BaseModel.php(618): CodeIgniter\Model->doFindAll(0, 0)
#7 C:\xampp\htdocs\proyecto_perez_ruiz_federico\app\Controllers\Home.php(13): CodeIgniter\BaseModel->findAll()
#8 C:\xampp\htdocs\proyecto_perez_ruiz_federico\system\CodeIgniter.php(934): App\Controllers\Home->index()
#9 C:\xampp\htdocs\proyecto_perez_ruiz_federico\system\CodeIgniter.php(499): CodeIgniter\CodeIgniter->runController(Object(App\Controllers\Home))
#10 C:\xampp\htdocs\proyecto_perez_ruiz_federico\system\CodeIgniter.php(368): CodeIgniter\CodeIgniter->handleRequest(NULL, Object(Config\Cache), false)
#11 C:\xampp\htdocs\proyecto_perez_ruiz_federico\index.php(67): CodeIgniter\CodeIgniter->run()
#12 {main}

Next mysqli_sql_exception: MySQL server has gone away in C:\xampp\htdocs\proyecto_perez_ruiz_federico\system\Database\MySQLi\Connection.php:174
Stack trace:
#0 C:\xampp\htdocs\proyecto_perez_ruiz_federico\system\Database\MySQLi\Connection.php(174): mysqli->real_connect('localhost', 'root', '', 'bd_perezruiz_fe...', 3306, '', 0)
#1 C:\xampp\htdocs\proyecto_perez_ruiz_federico\system\Database\BaseConnection.php(391): CodeIgniter\Database\MySQLi\Connection->connect(false)
#2 C:\xampp\htdocs\proyecto_perez_ruiz_federico\system\Database\BaseConnection.php(573): CodeIgniter\Database\BaseConnection->initialize()
#3 C:\xampp\htdocs\proyecto_perez_ruiz_federico\system\Database\BaseBuilder.php(1616): CodeIgniter\Database\BaseConnection->query('SELECT *\nFROM `...', Array, false)
#4 C:\xampp\htdocs\proyecto_perez_ruiz_federico\system\Model.php(241): CodeIgniter\Database\BaseBuilder->get()
#5 C:\xampp\htdocs\proyecto_perez_ruiz_federico\system\BaseModel.php(618): CodeIgniter\Model->doFindAll(0, 0)
#6 C:\xampp\htdocs\proyecto_perez_ruiz_federico\app\Controllers\Home.php(13): CodeIgniter\BaseModel->findAll()
#7 C:\xampp\htdocs\proyecto_perez_ruiz_federico\system\CodeIgniter.php(934): App\Controllers\Home->index()
#8 C:\xampp\htdocs\proyecto_perez_ruiz_federico\system\CodeIgniter.php(499): CodeIgniter\CodeIgniter->runController(Object(App\Controllers\Home))
#9 C:\xampp\htdocs\proyecto_perez_ruiz_federico\system\CodeIgniter.php(368): CodeIgniter\CodeIgniter->handleRequest(NULL, Object(Config\Cache), false)
#10 C:\xampp\htdocs\proyecto_perez_ruiz_federico\index.php(67): CodeIgniter\CodeIgniter->run()
#11 {main}

Next CodeIgniter\Database\Exceptions\DatabaseException: MySQL server has gone away in C:\xampp\htdocs\proyecto_perez_ruiz_federico\system\Database\MySQLi\Connection.php:218
Stack trace:
#0 C:\xampp\htdocs\proyecto_perez_ruiz_federico\system\Database\BaseConnection.php(391): CodeIgniter\Database\MySQLi\Connection->connect(false)
#1 C:\xampp\htdocs\proyecto_perez_ruiz_federico\system\Database\BaseConnection.php(573): CodeIgniter\Database\BaseConnection->initialize()
#2 C:\xampp\htdocs\proyecto_perez_ruiz_federico\system\Database\BaseBuilder.php(1616): CodeIgniter\Database\BaseConnection->query('SELECT *\nFROM `...', Array, false)
#3 C:\xampp\htdocs\proyecto_perez_ruiz_federico\system\Model.php(241): CodeIgniter\Database\BaseBuilder->get()
#4 C:\xampp\htdocs\proyecto_perez_ruiz_federico\system\BaseModel.php(618): CodeIgniter\Model->doFindAll(0, 0)
#5 C:\xampp\htdocs\proyecto_perez_ruiz_federico\app\Controllers\Home.php(13): CodeIgniter\BaseModel->findAll()
#6 C:\xampp\htdocs\proyecto_perez_ruiz_federico\system\CodeIgniter.php(934): App\Controllers\Home->index()
#7 C:\xampp\htdocs\proyecto_perez_ruiz_federico\system\CodeIgniter.php(499): CodeIgniter\CodeIgniter->runController(Object(App\Controllers\Home))
#8 C:\xampp\htdocs\proyecto_perez_ruiz_federico\system\CodeIgniter.php(368): CodeIgniter\CodeIgniter->handleRequest(NULL, Object(Config\Cache), false)
#9 C:\xampp\htdocs\proyecto_perez_ruiz_federico\index.php(67): CodeIgniter\CodeIgniter->run()
#10 {main}
CRITICAL - 2024-06-05 19:47:29 --> Unable to connect to the database.
Main connection [MySQLi]: MySQL server has gone away
in SYSTEMPATH\Database\BaseConnection.php on line 427.
 1 SYSTEMPATH\Database\BaseConnection.php(573): CodeIgniter\Database\BaseConnection->initialize()
 2 SYSTEMPATH\Database\BaseBuilder.php(1616): CodeIgniter\Database\BaseConnection->query('SELECT *
FROM `productos`
ORDER BY `unidadesVendidas` DESC', [], false)
 3 SYSTEMPATH\Model.php(241): CodeIgniter\Database\BaseBuilder->get()
 4 SYSTEMPATH\BaseModel.php(618): CodeIgniter\Model->doFindAll(0, 0)
 5 APPPATH\Controllers\Home.php(13): CodeIgniter\BaseModel->findAll()
 6 SYSTEMPATH\CodeIgniter.php(934): App\Controllers\Home->index()
 7 SYSTEMPATH\CodeIgniter.php(499): CodeIgniter\CodeIgniter->runController(Object(App\Controllers\Home))
 8 SYSTEMPATH\CodeIgniter.php(368): CodeIgniter\CodeIgniter->handleRequest(null, Object(Config\Cache), false)
 9 FCPATH\index.php(67): CodeIgniter\CodeIgniter->run()
CRITICAL - 2024-06-05 20:31:34 --> Cannot use object of type App\Models\ventas_cabecera_model as array
in APPPATH\Views\front\detalleFactura.php on line 5.
 1 SYSTEMPATH\View\View.php(213): include()
 2 SYSTEMPATH\View\View.php(216): CodeIgniter\View\View->CodeIgniter\View\{closure}()
 3 SYSTEMPATH\Common.php(1184): CodeIgniter\View\View->render('\\front\\detalleFactura', [], true)
 4 APPPATH\Controllers\carrito_controller.php(149): view('\\front\\detalleFactura', [...])
 5 SYSTEMPATH\CodeIgniter.php(934): App\Controllers\carrito_controller->verDetalleFactura('5')
 6 SYSTEMPATH\CodeIgniter.php(499): CodeIgniter\CodeIgniter->runController(Object(App\Controllers\carrito_controller))
 7 SYSTEMPATH\CodeIgniter.php(368): CodeIgniter\CodeIgniter->handleRequest(null, Object(Config\Cache), false)
 8 FCPATH\index.php(67): CodeIgniter\CodeIgniter->run()
