ERROR - 2024-05-15 22:17:02 --> mysqli_sql_exception: Cannot add or update a child row: a foreign key constraint fails (`bd_perezruiz_federico`.`usuarios`, CONSTRAINT `usuarios_ibfk_1` FOREIGN KEY (`perfil_id`) REFERENCES `perfiles` (`perfil_id`)) in C:\xampp\htdocs\proyecto_perez_ruiz_federico\system\Database\MySQLi\Connection.php:295
Stack trace:
#0 C:\xampp\htdocs\proyecto_perez_ruiz_federico\system\Database\MySQLi\Connection.php(295): mysqli->query('INSERT INTO `us...', 0)
#1 C:\xampp\htdocs\proyecto_perez_ruiz_federico\system\Database\BaseConnection.php(691): CodeIgniter\Database\MySQLi\Connection->execute('INSERT INTO `us...')
#2 C:\xampp\htdocs\proyecto_perez_ruiz_federico\system\Database\BaseConnection.php(605): CodeIgniter\Database\BaseConnection->simpleQuery('INSERT INTO `us...')
#3 C:\xampp\htdocs\proyecto_perez_ruiz_federico\system\Database\BaseBuilder.php(2309): CodeIgniter\Database\BaseConnection->query('INSERT INTO `us...', Array, false)
#4 C:\xampp\htdocs\proyecto_perez_ruiz_federico\system\Model.php(330): CodeIgniter\Database\BaseBuilder->insert()
#5 C:\xampp\htdocs\proyecto_perez_ruiz_federico\system\BaseModel.php(782): CodeIgniter\Model->doInsert(Array)
#6 C:\xampp\htdocs\proyecto_perez_ruiz_federico\system\Model.php(730): CodeIgniter\BaseModel->insert(Array, false)
#7 C:\xampp\htdocs\proyecto_perez_ruiz_federico\system\BaseModel.php(692): CodeIgniter\Model->insert(Array, false)
#8 C:\xampp\htdocs\proyecto_perez_ruiz_federico\app\Controllers\usuario_controller.php(41): CodeIgniter\BaseModel->save(Array)
#9 C:\xampp\htdocs\proyecto_perez_ruiz_federico\system\CodeIgniter.php(934): App\Controllers\usuario_controller->validarRegistroUsuario()
#10 C:\xampp\htdocs\proyecto_perez_ruiz_federico\system\CodeIgniter.php(499): CodeIgniter\CodeIgniter->runController(Object(App\Controllers\usuario_controller))
#11 C:\xampp\htdocs\proyecto_perez_ruiz_federico\system\CodeIgniter.php(368): CodeIgniter\CodeIgniter->handleRequest(NULL, Object(Config\Cache), false)
#12 C:\xampp\htdocs\proyecto_perez_ruiz_federico\index.php(67): CodeIgniter\CodeIgniter->run()
#13 {main}
CRITICAL - 2024-05-15 22:17:02 --> Cannot add or update a child row: a foreign key constraint fails (`bd_perezruiz_federico`.`usuarios`, CONSTRAINT `usuarios_ibfk_1` FOREIGN KEY (`perfil_id`) REFERENCES `perfiles` (`perfil_id`))
in SYSTEMPATH\Database\BaseConnection.php on line 645.
 1 SYSTEMPATH\Database\BaseBuilder.php(2309): CodeIgniter\Database\BaseConnection->query('INSERT INTO `usuarios` (`nombre`, `apellido`, `usuario`, `email`, `pass`) VALUES (:nombre:, :apellido:, :usuario:, :email:, :pass:)', [...], false)
 2 SYSTEMPATH\Model.php(330): CodeIgniter\Database\BaseBuilder->insert()
 3 SYSTEMPATH\BaseModel.php(782): CodeIgniter\Model->doInsert([...])
 4 SYSTEMPATH\Model.php(730): CodeIgniter\BaseModel->insert([...], false)
 5 SYSTEMPATH\BaseModel.php(692): CodeIgniter\Model->insert([...], false)
 6 APPPATH\Controllers\usuario_controller.php(41): CodeIgniter\BaseModel->save([...])
 7 SYSTEMPATH\CodeIgniter.php(934): App\Controllers\usuario_controller->validarRegistroUsuario()
 8 SYSTEMPATH\CodeIgniter.php(499): CodeIgniter\CodeIgniter->runController(Object(App\Controllers\usuario_controller))
 9 SYSTEMPATH\CodeIgniter.php(368): CodeIgniter\CodeIgniter->handleRequest(null, Object(Config\Cache), false)
10 FCPATH\index.php(67): CodeIgniter\CodeIgniter->run()
CRITICAL - 2024-05-15 22:45:30 --> Maximum execution time of 120 seconds exceeded
in SYSTEMPATH\Database\MySQLi\Connection.php on line 296.
 1 [internal function]: CodeIgniter\Debug\Exceptions->shutdownHandler()
CRITICAL - 2024-05-15 23:05:01 --> syntax error, unexpected ''email'' (T_CONSTANT_ENCAPSED_STRING), expecting ']'
in APPPATH\Controllers\usuario_controller.php on line 47.
 1 SYSTEMPATH\Autoloader\Autoloader.php(289): CodeIgniter\Autoloader\Autoloader->includeFile('APPPATH\\Controllers\\usuario_controller.php')
 2 SYSTEMPATH\Autoloader\Autoloader.php(267): CodeIgniter\Autoloader\Autoloader->loadInNamespace('App\\Controllers\\usuario_controller')
 3 [internal function]: CodeIgniter\Autoloader\Autoloader->loadClass('App\\Controllers\\usuario_controller')
 4 [internal function]: spl_autoload_call('App\\Controllers\\usuario_controller')
 5 SYSTEMPATH\CodeIgniter.php(892): class_exists('\\App\\Controllers\\usuario_controller', true)
 6 SYSTEMPATH\CodeIgniter.php(486): CodeIgniter\CodeIgniter->startController()
 7 SYSTEMPATH\CodeIgniter.php(368): CodeIgniter\CodeIgniter->handleRequest(null, Object(Config\Cache), false)
 8 FCPATH\index.php(67): CodeIgniter\CodeIgniter->run()
CRITICAL - 2024-05-15 23:06:32 --> Call to undefined function App\Controllers\setRules()
in APPPATH\Controllers\usuario_controller.php on line 24.
 1 SYSTEMPATH\CodeIgniter.php(934): App\Controllers\usuario_controller->validarRegistroUsuario()
 2 SYSTEMPATH\CodeIgniter.php(499): CodeIgniter\CodeIgniter->runController(Object(App\Controllers\usuario_controller))
 3 SYSTEMPATH\CodeIgniter.php(368): CodeIgniter\CodeIgniter->handleRequest(null, Object(Config\Cache), false)
 4 FCPATH\index.php(67): CodeIgniter\CodeIgniter->run()
ERROR - 2024-05-15 23:09:20 --> Error connecting to the database: mysqli_sql_exception: No se puede establecer una conexión ya que el equipo de destino denegó expresamente dicha conexión.
 in C:\xampp\htdocs\proyecto_perez_ruiz_federico\system\Database\MySQLi\Connection.php:174
Stack trace:
#0 C:\xampp\htdocs\proyecto_perez_ruiz_federico\system\Database\MySQLi\Connection.php(174): mysqli->real_connect('localhost', 'root', '', 'bd_perezruiz_fe...', 3306, '', 0)
#1 C:\xampp\htdocs\proyecto_perez_ruiz_federico\system\Database\BaseConnection.php(391): CodeIgniter\Database\MySQLi\Connection->connect(false)
#2 C:\xampp\htdocs\proyecto_perez_ruiz_federico\system\Database\BaseConnection.php(573): CodeIgniter\Database\BaseConnection->initialize()
#3 C:\xampp\htdocs\proyecto_perez_ruiz_federico\system\Database\BaseBuilder.php(1616): CodeIgniter\Database\BaseConnection->query('SELECT 1\nFROM `...', Array, false)
#4 C:\xampp\htdocs\proyecto_perez_ruiz_federico\system\Validation\StrictRules\Rules.php(206): CodeIgniter\Database\BaseBuilder->get()
#5 C:\xampp\htdocs\proyecto_perez_ruiz_federico\system\Validation\Validation.php(312): CodeIgniter\Validation\StrictRules\Rules->is_unique('federicocukla@g...', 'email', Array, NULL, 'email')
#6 C:\xampp\htdocs\proyecto_perez_ruiz_federico\system\Validation\Validation.php(170): CodeIgniter\Validation\Validation->processRules('email', 'email', 'federicocukla@g...', Array, Array)
#7 C:\xampp\htdocs\proyecto_perez_ruiz_federico\app\Controllers\usuario_controller.php(64): CodeIgniter\Validation\Validation->run()
#8 C:\xampp\htdocs\proyecto_perez_ruiz_federico\system\CodeIgniter.php(934): App\Controllers\usuario_controller->validarRegistroUsuario()
#9 C:\xampp\htdocs\proyecto_perez_ruiz_federico\system\CodeIgniter.php(499): CodeIgniter\CodeIgniter->runController(Object(App\Controllers\usuario_controller))
#10 C:\xampp\htdocs\proyecto_perez_ruiz_federico\system\CodeIgniter.php(368): CodeIgniter\CodeIgniter->handleRequest(NULL, Object(Config\Cache), false)
#11 C:\xampp\htdocs\proyecto_perez_ruiz_federico\index.php(67): CodeIgniter\CodeIgniter->run()
#12 {main}

Next CodeIgniter\Database\Exceptions\DatabaseException: No se puede establecer una conexión ya que el equipo de destino denegó expresamente dicha conexión.
 in C:\xampp\htdocs\proyecto_perez_ruiz_federico\system\Database\MySQLi\Connection.php:218
Stack trace:
#0 C:\xampp\htdocs\proyecto_perez_ruiz_federico\system\Database\BaseConnection.php(391): CodeIgniter\Database\MySQLi\Connection->connect(false)
#1 C:\xampp\htdocs\proyecto_perez_ruiz_federico\system\Database\BaseConnection.php(573): CodeIgniter\Database\BaseConnection->initialize()
#2 C:\xampp\htdocs\proyecto_perez_ruiz_federico\system\Database\BaseBuilder.php(1616): CodeIgniter\Database\BaseConnection->query('SELECT 1\nFROM `...', Array, false)
#3 C:\xampp\htdocs\proyecto_perez_ruiz_federico\system\Validation\StrictRules\Rules.php(206): CodeIgniter\Database\BaseBuilder->get()
#4 C:\xampp\htdocs\proyecto_perez_ruiz_federico\system\Validation\Validation.php(312): CodeIgniter\Validation\StrictRules\Rules->is_unique('federicocukla@g...', 'email', Array, NULL, 'email')
#5 C:\xampp\htdocs\proyecto_perez_ruiz_federico\system\Validation\Validation.php(170): CodeIgniter\Validation\Validation->processRules('email', 'email', 'federicocukla@g...', Array, Array)
#6 C:\xampp\htdocs\proyecto_perez_ruiz_federico\app\Controllers\usuario_controller.php(64): CodeIgniter\Validation\Validation->run()
#7 C:\xampp\htdocs\proyecto_perez_ruiz_federico\system\CodeIgniter.php(934): App\Controllers\usuario_controller->validarRegistroUsuario()
#8 C:\xampp\htdocs\proyecto_perez_ruiz_federico\system\CodeIgniter.php(499): CodeIgniter\CodeIgniter->runController(Object(App\Controllers\usuario_controller))
#9 C:\xampp\htdocs\proyecto_perez_ruiz_federico\system\CodeIgniter.php(368): CodeIgniter\CodeIgniter->handleRequest(NULL, Object(Config\Cache), false)
#10 C:\xampp\htdocs\proyecto_perez_ruiz_federico\index.php(67): CodeIgniter\CodeIgniter->run()
#11 {main}
CRITICAL - 2024-05-15 23:09:20 --> Unable to connect to the database.
Main connection [MySQLi]: No se puede establecer una conexión ya que el equipo de destino denegó expresamente dicha conexión.

in SYSTEMPATH\Database\BaseConnection.php on line 427.
 1 SYSTEMPATH\Database\BaseConnection.php(573): CodeIgniter\Database\BaseConnection->initialize()
 2 SYSTEMPATH\Database\BaseBuilder.php(1616): CodeIgniter\Database\BaseConnection->query('SELECT 1
FROM `usuarios`
WHERE `email` = :email:
 LIMIT 1', [...], false)
 3 SYSTEMPATH\Validation\StrictRules\Rules.php(206): CodeIgniter\Database\BaseBuilder->get()
 4 SYSTEMPATH\Validation\Validation.php(312): CodeIgniter\Validation\StrictRules\Rules->is_unique('federicocukla@gmail.com', 'email', [...], null, 'email')
 5 SYSTEMPATH\Validation\Validation.php(170): CodeIgniter\Validation\Validation->processRules('email', 'email', 'federicocukla@gmail.com', [...], [...])
 6 APPPATH\Controllers\usuario_controller.php(64): CodeIgniter\Validation\Validation->run()
 7 SYSTEMPATH\CodeIgniter.php(934): App\Controllers\usuario_controller->validarRegistroUsuario()
 8 SYSTEMPATH\CodeIgniter.php(499): CodeIgniter\CodeIgniter->runController(Object(App\Controllers\usuario_controller))
 9 SYSTEMPATH\CodeIgniter.php(368): CodeIgniter\CodeIgniter->handleRequest(null, Object(Config\Cache), false)
10 FCPATH\index.php(67): CodeIgniter\CodeIgniter->run()
ERROR - 2024-05-15 23:19:34 --> mysqli_sql_exception: Cannot add or update a child row: a foreign key constraint fails (`bd_perezruiz_federico`.`usuarios`, CONSTRAINT `usuarios_ibfk_1` FOREIGN KEY (`perfil_id`) REFERENCES `perfiles` (`perfil_id`)) in C:\xampp\htdocs\proyecto_perez_ruiz_federico\system\Database\MySQLi\Connection.php:295
Stack trace:
#0 C:\xampp\htdocs\proyecto_perez_ruiz_federico\system\Database\MySQLi\Connection.php(295): mysqli->query('INSERT INTO `us...', 0)
#1 C:\xampp\htdocs\proyecto_perez_ruiz_federico\system\Database\BaseConnection.php(691): CodeIgniter\Database\MySQLi\Connection->execute('INSERT INTO `us...')
#2 C:\xampp\htdocs\proyecto_perez_ruiz_federico\system\Database\BaseConnection.php(605): CodeIgniter\Database\BaseConnection->simpleQuery('INSERT INTO `us...')
#3 C:\xampp\htdocs\proyecto_perez_ruiz_federico\system\Database\BaseBuilder.php(2309): CodeIgniter\Database\BaseConnection->query('INSERT INTO `us...', Array, false)
#4 C:\xampp\htdocs\proyecto_perez_ruiz_federico\system\Model.php(330): CodeIgniter\Database\BaseBuilder->insert()
#5 C:\xampp\htdocs\proyecto_perez_ruiz_federico\system\BaseModel.php(782): CodeIgniter\Model->doInsert(Array)
#6 C:\xampp\htdocs\proyecto_perez_ruiz_federico\system\Model.php(730): CodeIgniter\BaseModel->insert(Array, false)
#7 C:\xampp\htdocs\proyecto_perez_ruiz_federico\system\BaseModel.php(692): CodeIgniter\Model->insert(Array, false)
#8 C:\xampp\htdocs\proyecto_perez_ruiz_federico\app\Controllers\usuario_controller.php(70): CodeIgniter\BaseModel->save(Array)
#9 C:\xampp\htdocs\proyecto_perez_ruiz_federico\system\CodeIgniter.php(934): App\Controllers\usuario_controller->validarRegistroUsuario()
#10 C:\xampp\htdocs\proyecto_perez_ruiz_federico\system\CodeIgniter.php(499): CodeIgniter\CodeIgniter->runController(Object(App\Controllers\usuario_controller))
#11 C:\xampp\htdocs\proyecto_perez_ruiz_federico\system\CodeIgniter.php(368): CodeIgniter\CodeIgniter->handleRequest(NULL, Object(Config\Cache), false)
#12 C:\xampp\htdocs\proyecto_perez_ruiz_federico\index.php(67): CodeIgniter\CodeIgniter->run()
#13 {main}
CRITICAL - 2024-05-15 23:19:34 --> Cannot add or update a child row: a foreign key constraint fails (`bd_perezruiz_federico`.`usuarios`, CONSTRAINT `usuarios_ibfk_1` FOREIGN KEY (`perfil_id`) REFERENCES `perfiles` (`perfil_id`))
in SYSTEMPATH\Database\BaseConnection.php on line 645.
 1 SYSTEMPATH\Database\BaseBuilder.php(2309): CodeIgniter\Database\BaseConnection->query('INSERT INTO `usuarios` (`nombre`, `apellido`, `usuario`, `email`, `pass`) VALUES (:nombre:, :apellido:, :usuario:, :email:, :pass:)', [...], false)
 2 SYSTEMPATH\Model.php(330): CodeIgniter\Database\BaseBuilder->insert()
 3 SYSTEMPATH\BaseModel.php(782): CodeIgniter\Model->doInsert([...])
 4 SYSTEMPATH\Model.php(730): CodeIgniter\BaseModel->insert([...], false)
 5 SYSTEMPATH\BaseModel.php(692): CodeIgniter\Model->insert([...], false)
 6 APPPATH\Controllers\usuario_controller.php(70): CodeIgniter\BaseModel->save([...])
 7 SYSTEMPATH\CodeIgniter.php(934): App\Controllers\usuario_controller->validarRegistroUsuario()
 8 SYSTEMPATH\CodeIgniter.php(499): CodeIgniter\CodeIgniter->runController(Object(App\Controllers\usuario_controller))
 9 SYSTEMPATH\CodeIgniter.php(368): CodeIgniter\CodeIgniter->handleRequest(null, Object(Config\Cache), false)
10 FCPATH\index.php(67): CodeIgniter\CodeIgniter->run()
ERROR - 2024-05-15 23:24:48 --> mysqli_sql_exception: Cannot add or update a child row: a foreign key constraint fails (`bd_perezruiz_federico`.`usuarios`, CONSTRAINT `usuarios_ibfk_1` FOREIGN KEY (`perfil_id`) REFERENCES `perfiles` (`perfil_id`)) in C:\xampp\htdocs\proyecto_perez_ruiz_federico\system\Database\MySQLi\Connection.php:295
Stack trace:
#0 C:\xampp\htdocs\proyecto_perez_ruiz_federico\system\Database\MySQLi\Connection.php(295): mysqli->query('INSERT INTO `us...', 0)
#1 C:\xampp\htdocs\proyecto_perez_ruiz_federico\system\Database\BaseConnection.php(691): CodeIgniter\Database\MySQLi\Connection->execute('INSERT INTO `us...')
#2 C:\xampp\htdocs\proyecto_perez_ruiz_federico\system\Database\BaseConnection.php(605): CodeIgniter\Database\BaseConnection->simpleQuery('INSERT INTO `us...')
#3 C:\xampp\htdocs\proyecto_perez_ruiz_federico\system\Database\BaseBuilder.php(2309): CodeIgniter\Database\BaseConnection->query('INSERT INTO `us...', Array, false)
#4 C:\xampp\htdocs\proyecto_perez_ruiz_federico\system\Model.php(330): CodeIgniter\Database\BaseBuilder->insert()
#5 C:\xampp\htdocs\proyecto_perez_ruiz_federico\system\BaseModel.php(782): CodeIgniter\Model->doInsert(Array)
#6 C:\xampp\htdocs\proyecto_perez_ruiz_federico\system\Model.php(730): CodeIgniter\BaseModel->insert(Array, false)
#7 C:\xampp\htdocs\proyecto_perez_ruiz_federico\system\BaseModel.php(692): CodeIgniter\Model->insert(Array, false)
#8 C:\xampp\htdocs\proyecto_perez_ruiz_federico\app\Controllers\usuario_controller.php(70): CodeIgniter\BaseModel->save(Array)
#9 C:\xampp\htdocs\proyecto_perez_ruiz_federico\system\CodeIgniter.php(934): App\Controllers\usuario_controller->validarRegistroUsuario()
#10 C:\xampp\htdocs\proyecto_perez_ruiz_federico\system\CodeIgniter.php(499): CodeIgniter\CodeIgniter->runController(Object(App\Controllers\usuario_controller))
#11 C:\xampp\htdocs\proyecto_perez_ruiz_federico\system\CodeIgniter.php(368): CodeIgniter\CodeIgniter->handleRequest(NULL, Object(Config\Cache), false)
#12 C:\xampp\htdocs\proyecto_perez_ruiz_federico\index.php(67): CodeIgniter\CodeIgniter->run()
#13 {main}
CRITICAL - 2024-05-15 23:24:48 --> Cannot add or update a child row: a foreign key constraint fails (`bd_perezruiz_federico`.`usuarios`, CONSTRAINT `usuarios_ibfk_1` FOREIGN KEY (`perfil_id`) REFERENCES `perfiles` (`perfil_id`))
in SYSTEMPATH\Database\BaseConnection.php on line 645.
 1 SYSTEMPATH\Database\BaseBuilder.php(2309): CodeIgniter\Database\BaseConnection->query('INSERT INTO `usuarios` (`nombre`, `apellido`, `usuario`, `email`, `pass`) VALUES (:nombre:, :apellido:, :usuario:, :email:, :pass:)', [...], false)
 2 SYSTEMPATH\Model.php(330): CodeIgniter\Database\BaseBuilder->insert()
 3 SYSTEMPATH\BaseModel.php(782): CodeIgniter\Model->doInsert([...])
 4 SYSTEMPATH\Model.php(730): CodeIgniter\BaseModel->insert([...], false)
 5 SYSTEMPATH\BaseModel.php(692): CodeIgniter\Model->insert([...], false)
 6 APPPATH\Controllers\usuario_controller.php(70): CodeIgniter\BaseModel->save([...])
 7 SYSTEMPATH\CodeIgniter.php(934): App\Controllers\usuario_controller->validarRegistroUsuario()
 8 SYSTEMPATH\CodeIgniter.php(499): CodeIgniter\CodeIgniter->runController(Object(App\Controllers\usuario_controller))
 9 SYSTEMPATH\CodeIgniter.php(368): CodeIgniter\CodeIgniter->handleRequest(null, Object(Config\Cache), false)
10 FCPATH\index.php(67): CodeIgniter\CodeIgniter->run()
CRITICAL - 2024-05-15 23:28:51 --> syntax error, unexpected ';', expecting ']'
in APPPATH\Controllers\usuario_controller.php on line 71.
 1 SYSTEMPATH\Autoloader\Autoloader.php(289): CodeIgniter\Autoloader\Autoloader->includeFile('APPPATH\\Controllers\\usuario_controller.php')
 2 SYSTEMPATH\Autoloader\Autoloader.php(267): CodeIgniter\Autoloader\Autoloader->loadInNamespace('App\\Controllers\\usuario_controller')
 3 [internal function]: CodeIgniter\Autoloader\Autoloader->loadClass('App\\Controllers\\usuario_controller')
 4 [internal function]: spl_autoload_call('App\\Controllers\\usuario_controller')
 5 SYSTEMPATH\CodeIgniter.php(892): class_exists('\\App\\Controllers\\usuario_controller', true)
 6 SYSTEMPATH\CodeIgniter.php(486): CodeIgniter\CodeIgniter->startController()
 7 SYSTEMPATH\CodeIgniter.php(368): CodeIgniter\CodeIgniter->handleRequest(null, Object(Config\Cache), false)
 8 FCPATH\index.php(67): CodeIgniter\CodeIgniter->run()
CRITICAL - 2024-05-15 23:28:53 --> syntax error, unexpected ';', expecting ']'
in APPPATH\Controllers\usuario_controller.php on line 71.
 1 SYSTEMPATH\Autoloader\Autoloader.php(289): CodeIgniter\Autoloader\Autoloader->includeFile('APPPATH\\Controllers\\usuario_controller.php')
 2 SYSTEMPATH\Autoloader\Autoloader.php(267): CodeIgniter\Autoloader\Autoloader->loadInNamespace('App\\Controllers\\usuario_controller')
 3 [internal function]: CodeIgniter\Autoloader\Autoloader->loadClass('App\\Controllers\\usuario_controller')
 4 [internal function]: spl_autoload_call('App\\Controllers\\usuario_controller')
 5 SYSTEMPATH\CodeIgniter.php(892): class_exists('\\App\\Controllers\\usuario_controller', true)
 6 SYSTEMPATH\CodeIgniter.php(486): CodeIgniter\CodeIgniter->startController()
 7 SYSTEMPATH\CodeIgniter.php(368): CodeIgniter\CodeIgniter->handleRequest(null, Object(Config\Cache), false)
 8 FCPATH\index.php(67): CodeIgniter\CodeIgniter->run()
CRITICAL - 2024-05-15 23:32:41 --> Argument 2 passed to view() must be of the type array, object given, called in C:\xampp\htdocs\proyecto_perez_ruiz_federico\app\Controllers\usuario_controller.php on line 78
in SYSTEMPATH\Common.php on line 1172.
 1 APPPATH\Controllers\usuario_controller.php(78): view('prueba', Object(CodeIgniter\Validation\Validation))
 2 SYSTEMPATH\CodeIgniter.php(934): App\Controllers\usuario_controller->validarRegistroUsuario()
 3 SYSTEMPATH\CodeIgniter.php(499): CodeIgniter\CodeIgniter->runController(Object(App\Controllers\usuario_controller))
 4 SYSTEMPATH\CodeIgniter.php(368): CodeIgniter\CodeIgniter->handleRequest(null, Object(Config\Cache), false)
 5 FCPATH\index.php(67): CodeIgniter\CodeIgniter->run()
CRITICAL - 2024-05-15 23:36:53 --> Use of undefined constant footer - assumed 'footer' (this will throw an Error in a future version of PHP)
in APPPATH\Controllers\usuario_controller.php on line 77.
 1 APPPATH\Controllers\usuario_controller.php(77): CodeIgniter\Debug\Exceptions->errorHandler(2, 'Use of undefined constant footer - assumed \'footer\' (this will throw an Error in a future version of PHP)', 'APPPATH\\Controllers\\usuario_controller.php', 77, [...])
 2 SYSTEMPATH\CodeIgniter.php(934): App\Controllers\usuario_controller->validarRegistroUsuario()
 3 SYSTEMPATH\CodeIgniter.php(499): CodeIgniter\CodeIgniter->runController(Object(App\Controllers\usuario_controller))
 4 SYSTEMPATH\CodeIgniter.php(368): CodeIgniter\CodeIgniter->handleRequest(null, Object(Config\Cache), false)
 5 FCPATH\index.php(67): CodeIgniter\CodeIgniter->run()
CRITICAL - 2024-05-15 23:40:09 --> Argument 2 passed to view() must be of the type array, null given, called in C:\xampp\htdocs\proyecto_perez_ruiz_federico\app\Controllers\usuario_controller.php on line 73
in SYSTEMPATH\Common.php on line 1172.
 1 APPPATH\Controllers\usuario_controller.php(73): view('header', null)
 2 SYSTEMPATH\CodeIgniter.php(934): App\Controllers\usuario_controller->validarRegistroUsuario()
 3 SYSTEMPATH\CodeIgniter.php(499): CodeIgniter\CodeIgniter->runController(Object(App\Controllers\usuario_controller))
 4 SYSTEMPATH\CodeIgniter.php(368): CodeIgniter\CodeIgniter->handleRequest(null, Object(Config\Cache), false)
 5 FCPATH\index.php(67): CodeIgniter\CodeIgniter->run()
