CRITICAL - 2024-05-17 14:03:33 --> Use of undefined constant email - assumed 'email' (this will throw an Error in a future version of PHP)
in APPPATH\Views\prueba.php on line 48.
 1 APPPATH\Views\prueba.php(48): CodeIgniter\Debug\Exceptions->errorHandler(2, 'Use of undefined constant email - assumed \'email\' (this will throw an Error in a future version of PHP)', 'APPPATH\\Views\\prueba.php', 48, [...])
 2 SYSTEMPATH\View\View.php(213): include('APPPATH\\Views\\prueba.php')
 3 SYSTEMPATH\View\View.php(216): CodeIgniter\View\View->CodeIgniter\View\{closure}()
 4 SYSTEMPATH\Common.php(1184): CodeIgniter\View\View->render('prueba', [], true)
 5 APPPATH\Controllers\usuario_controller.php(15): view('prueba')
 6 SYSTEMPATH\CodeIgniter.php(934): App\Controllers\usuario_controller->registroUsuarios()
 7 SYSTEMPATH\CodeIgniter.php(499): CodeIgniter\CodeIgniter->runController(Object(App\Controllers\usuario_controller))
 8 SYSTEMPATH\CodeIgniter.php(368): CodeIgniter\CodeIgniter->handleRequest(null, Object(Config\Cache), false)
 9 FCPATH\index.php(67): CodeIgniter\CodeIgniter->run()
CRITICAL - 2024-05-17 14:06:05 --> Use of undefined constant email - assumed 'email' (this will throw an Error in a future version of PHP)
in APPPATH\Views\prueba.php on line 48.
 1 APPPATH\Views\prueba.php(48): CodeIgniter\Debug\Exceptions->errorHandler(2, 'Use of undefined constant email - assumed \'email\' (this will throw an Error in a future version of PHP)', 'APPPATH\\Views\\prueba.php', 48, [...])
 2 SYSTEMPATH\View\View.php(213): include('APPPATH\\Views\\prueba.php')
 3 SYSTEMPATH\View\View.php(216): CodeIgniter\View\View->CodeIgniter\View\{closure}()
 4 SYSTEMPATH\Common.php(1184): CodeIgniter\View\View->render('prueba', [], true)
 5 APPPATH\Controllers\usuario_controller.php(15): view('prueba')
 6 SYSTEMPATH\CodeIgniter.php(934): App\Controllers\usuario_controller->registroUsuarios()
 7 SYSTEMPATH\CodeIgniter.php(499): CodeIgniter\CodeIgniter->runController(Object(App\Controllers\usuario_controller))
 8 SYSTEMPATH\CodeIgniter.php(368): CodeIgniter\CodeIgniter->handleRequest(null, Object(Config\Cache), false)
 9 FCPATH\index.php(67): CodeIgniter\CodeIgniter->run()
CRITICAL - 2024-05-17 16:03:00 --> Invalid file: "header.php"
in SYSTEMPATH\Exceptions\FrameworkException.php on line 33.
 1 SYSTEMPATH\View\View.php(201): CodeIgniter\Exceptions\FrameworkException::forInvalidFile('header.php')
 2 SYSTEMPATH\Common.php(1184): CodeIgniter\View\View->render('header', [], true)
 3 APPPATH\Controllers\usuario_controller.php(14): view('header', [...])
 4 SYSTEMPATH\CodeIgniter.php(934): App\Controllers\usuario_controller->registroUsuarios()
 5 SYSTEMPATH\CodeIgniter.php(499): CodeIgniter\CodeIgniter->runController(Object(App\Controllers\usuario_controller))
 6 SYSTEMPATH\CodeIgniter.php(368): CodeIgniter\CodeIgniter->handleRequest(null, Object(Config\Cache), false)
 7 FCPATH\index.php(67): CodeIgniter\CodeIgniter->run()
CRITICAL - 2024-05-17 16:04:09 --> Invalid file: "header.php"
in SYSTEMPATH\Exceptions\FrameworkException.php on line 33.
 1 SYSTEMPATH\View\View.php(201): CodeIgniter\Exceptions\FrameworkException::forInvalidFile('header.php')
 2 SYSTEMPATH\Common.php(1184): CodeIgniter\View\View->render('header', [], true)
 3 APPPATH\Controllers\Home.php(18): view('header', [...])
 4 SYSTEMPATH\CodeIgniter.php(934): App\Controllers\Home->quienesSomos()
 5 SYSTEMPATH\CodeIgniter.php(499): CodeIgniter\CodeIgniter->runController(Object(App\Controllers\Home))
 6 SYSTEMPATH\CodeIgniter.php(368): CodeIgniter\CodeIgniter->handleRequest(null, Object(Config\Cache), false)
 7 FCPATH\index.php(67): CodeIgniter\CodeIgniter->run()
CRITICAL - 2024-05-17 16:05:24 --> Invalid file: "header.php"
in SYSTEMPATH\Exceptions\FrameworkException.php on line 33.
 1 SYSTEMPATH\View\View.php(201): CodeIgniter\Exceptions\FrameworkException::forInvalidFile('header.php')
 2 SYSTEMPATH\Common.php(1184): CodeIgniter\View\View->render('header', [], true)
 3 APPPATH\Controllers\Home.php(42): view('header', [...])
 4 SYSTEMPATH\CodeIgniter.php(934): App\Controllers\Home->terminosYusos()
 5 SYSTEMPATH\CodeIgniter.php(499): CodeIgniter\CodeIgniter->runController(Object(App\Controllers\Home))
 6 SYSTEMPATH\CodeIgniter.php(368): CodeIgniter\CodeIgniter->handleRequest(null, Object(Config\Cache), false)
 7 FCPATH\index.php(67): CodeIgniter\CodeIgniter->run()
CRITICAL - 2024-05-17 18:42:22 --> syntax error, unexpected end of file
in APPPATH\Views\front\contacto.php on line 96.
 1 SYSTEMPATH\View\View.php(216): CodeIgniter\View\View->CodeIgniter\View\{closure}()
 2 SYSTEMPATH\Common.php(1184): CodeIgniter\View\View->render('\\front\\contacto', [], true)
 3 APPPATH\Controllers\Home.php(27): view('\\front\\contacto')
 4 SYSTEMPATH\CodeIgniter.php(934): App\Controllers\Home->contacto()
 5 SYSTEMPATH\CodeIgniter.php(499): CodeIgniter\CodeIgniter->runController(Object(App\Controllers\Home))
 6 SYSTEMPATH\CodeIgniter.php(368): CodeIgniter\CodeIgniter->handleRequest(null, Object(Config\Cache), false)
 7 FCPATH\index.php(67): CodeIgniter\CodeIgniter->run()
CRITICAL - 2024-05-17 18:43:36 --> syntax error, unexpected end of file
in APPPATH\Views\front\contacto.php on line 99.
 1 SYSTEMPATH\View\View.php(216): CodeIgniter\View\View->CodeIgniter\View\{closure}()
 2 SYSTEMPATH\Common.php(1184): CodeIgniter\View\View->render('\\front\\contacto', [], true)
 3 APPPATH\Controllers\Home.php(27): view('\\front\\contacto')
 4 SYSTEMPATH\CodeIgniter.php(934): App\Controllers\Home->contacto()
 5 SYSTEMPATH\CodeIgniter.php(499): CodeIgniter\CodeIgniter->runController(Object(App\Controllers\Home))
 6 SYSTEMPATH\CodeIgniter.php(368): CodeIgniter\CodeIgniter->handleRequest(null, Object(Config\Cache), false)
 7 FCPATH\index.php(67): CodeIgniter\CodeIgniter->run()
CRITICAL - 2024-05-17 18:44:00 --> syntax error, unexpected end of file
in APPPATH\Views\front\contacto.php on line 99.
 1 SYSTEMPATH\View\View.php(216): CodeIgniter\View\View->CodeIgniter\View\{closure}()
 2 SYSTEMPATH\Common.php(1184): CodeIgniter\View\View->render('\\front\\contacto', [], true)
 3 APPPATH\Controllers\Home.php(27): view('\\front\\contacto')
 4 SYSTEMPATH\CodeIgniter.php(934): App\Controllers\Home->contacto()
 5 SYSTEMPATH\CodeIgniter.php(499): CodeIgniter\CodeIgniter->runController(Object(App\Controllers\Home))
 6 SYSTEMPATH\CodeIgniter.php(368): CodeIgniter\CodeIgniter->handleRequest(null, Object(Config\Cache), false)
 7 FCPATH\index.php(67): CodeIgniter\CodeIgniter->run()
CRITICAL - 2024-05-17 18:44:03 --> syntax error, unexpected end of file
in APPPATH\Views\front\contacto.php on line 99.
 1 SYSTEMPATH\View\View.php(216): CodeIgniter\View\View->CodeIgniter\View\{closure}()
 2 SYSTEMPATH\Common.php(1184): CodeIgniter\View\View->render('\\front\\contacto', [], true)
 3 APPPATH\Controllers\Home.php(27): view('\\front\\contacto')
 4 SYSTEMPATH\CodeIgniter.php(934): App\Controllers\Home->contacto()
 5 SYSTEMPATH\CodeIgniter.php(499): CodeIgniter\CodeIgniter->runController(Object(App\Controllers\Home))
 6 SYSTEMPATH\CodeIgniter.php(368): CodeIgniter\CodeIgniter->handleRequest(null, Object(Config\Cache), false)
 7 FCPATH\index.php(67): CodeIgniter\CodeIgniter->run()
CRITICAL - 2024-05-17 18:45:37 --> syntax error, unexpected end of file
in APPPATH\Views\front\contacto.php on line 97.
 1 SYSTEMPATH\View\View.php(216): CodeIgniter\View\View->CodeIgniter\View\{closure}()
 2 SYSTEMPATH\Common.php(1184): CodeIgniter\View\View->render('\\front\\contacto', [], true)
 3 APPPATH\Controllers\Home.php(27): view('\\front\\contacto')
 4 SYSTEMPATH\CodeIgniter.php(934): App\Controllers\Home->contacto()
 5 SYSTEMPATH\CodeIgniter.php(499): CodeIgniter\CodeIgniter->runController(Object(App\Controllers\Home))
 6 SYSTEMPATH\CodeIgniter.php(368): CodeIgniter\CodeIgniter->handleRequest(null, Object(Config\Cache), false)
 7 FCPATH\index.php(67): CodeIgniter\CodeIgniter->run()
CRITICAL - 2024-05-17 18:48:20 --> syntax error, unexpected end of file
in APPPATH\Views\front\contacto.php on line 98.
 1 SYSTEMPATH\View\View.php(216): CodeIgniter\View\View->CodeIgniter\View\{closure}()
 2 SYSTEMPATH\Common.php(1184): CodeIgniter\View\View->render('\\front\\contacto', [], true)
 3 APPPATH\Controllers\Home.php(27): view('\\front\\contacto')
 4 SYSTEMPATH\CodeIgniter.php(934): App\Controllers\Home->contacto()
 5 SYSTEMPATH\CodeIgniter.php(499): CodeIgniter\CodeIgniter->runController(Object(App\Controllers\Home))
 6 SYSTEMPATH\CodeIgniter.php(368): CodeIgniter\CodeIgniter->handleRequest(null, Object(Config\Cache), false)
 7 FCPATH\index.php(67): CodeIgniter\CodeIgniter->run()
CRITICAL - 2024-05-17 18:51:27 --> syntax error, unexpected end of file
in APPPATH\Views\front\contacto.php on line 98.
 1 SYSTEMPATH\View\View.php(216): CodeIgniter\View\View->CodeIgniter\View\{closure}()
 2 SYSTEMPATH\Common.php(1184): CodeIgniter\View\View->render('\\front\\contacto', [], true)
 3 APPPATH\Controllers\Home.php(27): view('\\front\\contacto')
 4 SYSTEMPATH\CodeIgniter.php(934): App\Controllers\Home->contacto()
 5 SYSTEMPATH\CodeIgniter.php(499): CodeIgniter\CodeIgniter->runController(Object(App\Controllers\Home))
 6 SYSTEMPATH\CodeIgniter.php(368): CodeIgniter\CodeIgniter->handleRequest(null, Object(Config\Cache), false)
 7 FCPATH\index.php(67): CodeIgniter\CodeIgniter->run()
CRITICAL - 2024-05-17 18:51:28 --> syntax error, unexpected end of file
in APPPATH\Views\front\contacto.php on line 98.
 1 SYSTEMPATH\View\View.php(216): CodeIgniter\View\View->CodeIgniter\View\{closure}()
 2 SYSTEMPATH\Common.php(1184): CodeIgniter\View\View->render('\\front\\contacto', [], true)
 3 APPPATH\Controllers\Home.php(27): view('\\front\\contacto')
 4 SYSTEMPATH\CodeIgniter.php(934): App\Controllers\Home->contacto()
 5 SYSTEMPATH\CodeIgniter.php(499): CodeIgniter\CodeIgniter->runController(Object(App\Controllers\Home))
 6 SYSTEMPATH\CodeIgniter.php(368): CodeIgniter\CodeIgniter->handleRequest(null, Object(Config\Cache), false)
 7 FCPATH\index.php(67): CodeIgniter\CodeIgniter->run()
CRITICAL - 2024-05-17 18:53:50 --> Call to a member function getError() on null
in APPPATH\Views\front\contacto.php on line 44.
 1 SYSTEMPATH\View\View.php(213): include()
 2 SYSTEMPATH\View\View.php(216): CodeIgniter\View\View->CodeIgniter\View\{closure}()
 3 SYSTEMPATH\Common.php(1184): CodeIgniter\View\View->render('\\front\\contacto', [], true)
 4 APPPATH\Controllers\Home.php(27): view('\\front\\contacto')
 5 SYSTEMPATH\CodeIgniter.php(934): App\Controllers\Home->contacto()
 6 SYSTEMPATH\CodeIgniter.php(499): CodeIgniter\CodeIgniter->runController(Object(App\Controllers\Home))
 7 SYSTEMPATH\CodeIgniter.php(368): CodeIgniter\CodeIgniter->handleRequest(null, Object(Config\Cache), false)
 8 FCPATH\index.php(67): CodeIgniter\CodeIgniter->run()
CRITICAL - 2024-05-17 18:54:46 --> Call to a member function getError() on null
in APPPATH\Views\front\contacto.php on line 43.
 1 SYSTEMPATH\View\View.php(213): include()
 2 SYSTEMPATH\View\View.php(216): CodeIgniter\View\View->CodeIgniter\View\{closure}()
 3 SYSTEMPATH\Common.php(1184): CodeIgniter\View\View->render('\\front\\contacto', [], true)
 4 APPPATH\Controllers\Home.php(27): view('\\front\\contacto')
 5 SYSTEMPATH\CodeIgniter.php(934): App\Controllers\Home->contacto()
 6 SYSTEMPATH\CodeIgniter.php(499): CodeIgniter\CodeIgniter->runController(Object(App\Controllers\Home))
 7 SYSTEMPATH\CodeIgniter.php(368): CodeIgniter\CodeIgniter->handleRequest(null, Object(Config\Cache), false)
 8 FCPATH\index.php(67): CodeIgniter\CodeIgniter->run()
